Component: ARM Compiler 5.05 update 2 (build 169) Tool: armlink [4d0f33]

==============================================================================

Section Cross References

    stm32f0xx_hal.o(i.HAL_DeInit) refers to stm32f0xx_hal.o(i.HAL_MspDeInit) for HAL_MspDeInit
    stm32f0xx_hal.o(i.HAL_Delay) refers to stm32f0xx_hal.o(i.HAL_GetTick) for HAL_GetTick
    stm32f0xx_hal.o(i.HAL_GetTick) refers to stm32f0xx_hal.o(.data) for uwTick
    stm32f0xx_hal.o(i.HAL_IncTick) refers to stm32f0xx_hal.o(.data) for uwTick
    stm32f0xx_hal.o(i.HAL_Init) refers to stm32f0xx_hal.o(i.HAL_InitTick) for HAL_InitTick
    stm32f0xx_hal.o(i.HAL_Init) refers to stm32f0xx_hal.o(i.HAL_MspInit) for HAL_MspInit
    stm32f0xx_hal.o(i.HAL_InitTick) refers to stm32f0xx_hal_rcc.o(i.HAL_RCC_GetHCLKFreq) for HAL_RCC_GetHCLKFreq
    stm32f0xx_hal.o(i.HAL_InitTick) refers to uidiv.o(.text) for __aeabi_uidivmod
    stm32f0xx_hal.o(i.HAL_InitTick) refers to stm32f0xx_hal_cortex.o(i.HAL_SYSTICK_Config) for HAL_SYSTICK_Config
    stm32f0xx_hal.o(i.HAL_InitTick) refers to stm32f0xx_hal_cortex.o(i.HAL_NVIC_SetPriority) for HAL_NVIC_SetPriority
    stm32f0xx_hal_cortex.o(i.HAL_NVIC_SetPriority) refers to stm32f0xx_hal_cortex.o(i.NVIC_SetPriority) for NVIC_SetPriority
    stm32f0xx_hal_cortex.o(i.HAL_SYSTICK_Config) refers to stm32f0xx_hal_cortex.o(i.NVIC_SetPriority) for NVIC_SetPriority
    stm32f0xx_hal_cortex.o(i.HAL_SYSTICK_IRQHandler) refers to stm32f0xx_hal_cortex.o(i.HAL_SYSTICK_Callback) for HAL_SYSTICK_Callback
    stm32f0xx_hal_dma.o(i.DMA_CalcBaseAndBitshift) refers to uidiv.o(.text) for __aeabi_uidivmod
    stm32f0xx_hal_dma.o(i.HAL_DMA_DeInit) refers to stm32f0xx_hal_dma.o(i.DMA_CalcBaseAndBitshift) for DMA_CalcBaseAndBitshift
    stm32f0xx_hal_dma.o(i.HAL_DMA_Init) refers to stm32f0xx_hal_dma.o(i.DMA_CalcBaseAndBitshift) for DMA_CalcBaseAndBitshift
    stm32f0xx_hal_dma.o(i.HAL_DMA_PollForTransfer) refers to stm32f0xx_hal.o(i.HAL_GetTick) for HAL_GetTick
    stm32f0xx_hal_dma.o(i.HAL_DMA_Start) refers to stm32f0xx_hal_dma.o(i.DMA_SetConfig) for DMA_SetConfig
    stm32f0xx_hal_dma.o(i.HAL_DMA_Start_IT) refers to stm32f0xx_hal_dma.o(i.DMA_SetConfig) for DMA_SetConfig
    stm32f0xx_hal_dma.o(i.HAL_DMA_UnRegisterCallback) refers to stm32f0xx_hal_dma.o(i.__ARM_common_switch8) for __ARM_common_switch8
    stm32f0xx_hal_flash.o(i.FLASH_Program_HalfWord) refers to stm32f0xx_hal_flash.o(.bss) for pFlash
    stm32f0xx_hal_flash.o(i.FLASH_SetErrorCode) refers to stm32f0xx_hal_flash.o(.bss) for pFlash
    stm32f0xx_hal_flash.o(i.FLASH_WaitForLastOperation) refers to stm32f0xx_hal.o(i.HAL_GetTick) for HAL_GetTick
    stm32f0xx_hal_flash.o(i.FLASH_WaitForLastOperation) refers to stm32f0xx_hal_flash.o(i.FLASH_SetErrorCode) for FLASH_SetErrorCode
    stm32f0xx_hal_flash.o(i.HAL_FLASH_GetError) refers to stm32f0xx_hal_flash.o(.bss) for pFlash
    stm32f0xx_hal_flash.o(i.HAL_FLASH_IRQHandler) refers to stm32f0xx_hal_flash.o(i.FLASH_SetErrorCode) for FLASH_SetErrorCode
    stm32f0xx_hal_flash.o(i.HAL_FLASH_IRQHandler) refers to stm32f0xx_hal_flash.o(i.HAL_FLASH_OperationErrorCallback) for HAL_FLASH_OperationErrorCallback
    stm32f0xx_hal_flash.o(i.HAL_FLASH_IRQHandler) refers to stm32f0xx_hal_flash.o(i.HAL_FLASH_EndOfOperationCallback) for HAL_FLASH_EndOfOperationCallback
    stm32f0xx_hal_flash.o(i.HAL_FLASH_IRQHandler) refers to stm32f0xx_hal_flash_ex.o(i.FLASH_PageErase) for FLASH_PageErase
    stm32f0xx_hal_flash.o(i.HAL_FLASH_IRQHandler) refers to stm32f0xx_hal_flash.o(i.FLASH_Program_HalfWord) for FLASH_Program_HalfWord
    stm32f0xx_hal_flash.o(i.HAL_FLASH_IRQHandler) refers to stm32f0xx_hal_flash.o(.bss) for pFlash
    stm32f0xx_hal_flash.o(i.HAL_FLASH_OB_Launch) refers to stm32f0xx_hal_flash.o(i.FLASH_WaitForLastOperation) for FLASH_WaitForLastOperation
    stm32f0xx_hal_flash.o(i.HAL_FLASH_Program) refers to stm32f0xx_hal_flash.o(i.FLASH_WaitForLastOperation) for FLASH_WaitForLastOperation
    stm32f0xx_hal_flash.o(i.HAL_FLASH_Program) refers to llushr.o(.text) for __aeabi_llsr
    stm32f0xx_hal_flash.o(i.HAL_FLASH_Program) refers to stm32f0xx_hal_flash.o(i.FLASH_Program_HalfWord) for FLASH_Program_HalfWord
    stm32f0xx_hal_flash.o(i.HAL_FLASH_Program) refers to stm32f0xx_hal_flash.o(.bss) for pFlash
    stm32f0xx_hal_flash.o(i.HAL_FLASH_Program_IT) refers to stm32f0xx_hal_flash.o(i.FLASH_Program_HalfWord) for FLASH_Program_HalfWord
    stm32f0xx_hal_flash.o(i.HAL_FLASH_Program_IT) refers to stm32f0xx_hal_flash.o(.bss) for pFlash
    stm32f0xx_hal_flash_ex.o(i.FLASH_MassErase) refers to stm32f0xx_hal_flash.o(.bss) for pFlash
    stm32f0xx_hal_flash_ex.o(i.FLASH_OB_DisableWRP) refers to stm32f0xx_hal_flash_ex.o(i.FLASH_OB_GetWRP) for FLASH_OB_GetWRP
    stm32f0xx_hal_flash_ex.o(i.FLASH_OB_DisableWRP) refers to stm32f0xx_hal_flash.o(i.FLASH_WaitForLastOperation) for FLASH_WaitForLastOperation
    stm32f0xx_hal_flash_ex.o(i.FLASH_OB_DisableWRP) refers to stm32f0xx_hal_flash_ex.o(i.HAL_FLASHEx_OBErase) for HAL_FLASHEx_OBErase
[...]
    Removing stm32f0xx_hal.o(i.HAL_GetUIDw0), (12 bytes).
    Removing stm32f0xx_hal.o(i.HAL_GetUIDw1), (12 bytes).
    Removing stm32f0xx_hal.o(i.HAL_GetUIDw2), (12 bytes).
    Removing stm32f0xx_hal.o(i.HAL_MspDeInit), (2 bytes).
    Removing stm32f0xx_hal.o(i.HAL_ResumeTick), (20 bytes).
    Removing stm32f0xx_hal.o(i.HAL_SuspendTick), (20 bytes).
    Removing stm32f0xx_hal_adc.o(.rev16_text), (4 bytes).
    Removing stm32f0xx_hal_adc.o(.revsh_text), (4 bytes).
    Removing stm32f0xx_hal_adc_ex.o(.rev16_text), (4 bytes).
    Removing stm32f0xx_hal_adc_ex.o(.revsh_text), (4 bytes).
    Removing stm32f0xx_hal_can.o(.rev16_text), (4 bytes).
    Removing stm32f0xx_hal_can.o(.revsh_text), (4 bytes).
    Removing stm32f0xx_hal_cec.o(.rev16_text), (4 bytes).
    Removing stm32f0xx_hal_cec.o(.revsh_text), (4 bytes).
    Removing stm32f0xx_hal_comp.o(.rev16_text), (4 bytes).
    Removing stm32f0xx_hal_comp.o(.revsh_text), (4 bytes).
    Removing stm32f0xx_hal_cortex.o(.rev16_text), (4 bytes).
    Removing stm32f0xx_hal_cortex.o(.revsh_text), (4 bytes).
    Removing stm32f0xx_hal_cortex.o(i.HAL_NVIC_ClearPendingIRQ), (24 bytes).
    Removing stm32f0xx_hal_cortex.o(i.HAL_NVIC_DisableIRQ), (24 bytes).
    Removing stm32f0xx_hal_cortex.o(i.HAL_NVIC_GetPendingIRQ), (40 bytes).
    Removing stm32f0xx_hal_cortex.o(i.HAL_NVIC_GetPriority), (72 bytes).
    Removing stm32f0xx_hal_cortex.o(i.HAL_NVIC_SetPendingIRQ), (24 bytes).
    Removing stm32f0xx_hal_cortex.o(i.HAL_NVIC_SystemReset), (56 bytes).
    Removing stm32f0xx_hal_cortex.o(i.HAL_SYSTICK_CLKSourceConfig), (36 bytes).
    Removing stm32f0xx_hal_cortex.o(i.HAL_SYSTICK_Callback), (2 bytes).
    Removing stm32f0xx_hal_cortex.o(i.HAL_SYSTICK_IRQHandler), (8 bytes).
    Removing stm32f0xx_hal_crc.o(.rev16_text), (4 bytes).
    Removing stm32f0xx_hal_crc.o(.revsh_text), (4 bytes).
    Removing stm32f0xx_hal_crc_ex.o(.rev16_text), (4 bytes).
    Removing stm32f0xx_hal_crc_ex.o(.revsh_text), (4 bytes).
    Removing stm32f0xx_hal_dac.o(.rev16_text), (4 bytes).
    Removing stm32f0xx_hal_dac.o(.revsh_text), (4 bytes).
    Removing stm32f0xx_hal_dac_ex.o(.rev16_text), (4 bytes).
    Removing stm32f0xx_hal_dac_ex.o(.revsh_text), (4 bytes).
    Removing stm32f0xx_hal_dma.o(.rev16_text), (4 bytes).
    Removing stm32f0xx_hal_dma.o(.revsh_text), (4 bytes).
    Removing stm32f0xx_hal_dma.o(i.DMA_CalcBaseAndBitshift), (32 bytes).
    Removing stm32f0xx_hal_dma.o(i.DMA_SetConfig), (42 bytes).
    Removing stm32f0xx_hal_dma.o(i.HAL_DMA_Abort), (56 bytes).
    Removing stm32f0xx_hal_dma.o(i.HAL_DMA_DeInit), (80 bytes).
    Removing stm32f0xx_hal_dma.o(i.HAL_DMA_GetError), (6 bytes).
    Removing stm32f0xx_hal_dma.o(i.HAL_DMA_GetState), (8 bytes).
    Removing stm32f0xx_hal_dma.o(i.HAL_DMA_IRQHandler), (240 bytes).
    Removing stm32f0xx_hal_dma.o(i.HAL_DMA_Init), (100 bytes).
    Removing stm32f0xx_hal_dma.o(i.HAL_DMA_PollForTransfer), (236 bytes).
    Removing stm32f0xx_hal_dma.o(i.HAL_DMA_RegisterCallback), (92 bytes).
    Removing stm32f0xx_hal_dma.o(i.HAL_DMA_Start), (110 bytes).
    Removing stm32f0xx_hal_dma.o(i.HAL_DMA_Start_IT), (154 bytes).
    Removing stm32f0xx_hal_dma.o(i.HAL_DMA_UnRegisterCallback), (108 bytes).
    Removing stm32f0xx_hal_flash.o(.rev16_text), (4 bytes).
    Removing stm32f0xx_hal_flash.o(.revsh_text), (4 bytes).
    Removing stm32f0xx_hal_flash.o(i.FLASH_Program_HalfWord), (32 bytes).
    Removing stm32f0xx_hal_flash.o(i.FLASH_SetErrorCode), (72 bytes).
    Removing stm32f0xx_hal_flash.o(i.FLASH_WaitForLastOperation), (104 bytes).
    Removing stm32f0xx_hal_flash.o(i.HAL_FLASH_EndOfOperationCallback), (2 bytes).
    Removing stm32f0xx_hal_flash.o(i.HAL_FLASH_GetError), (12 bytes).
    Removing stm32f0xx_hal_flash.o(i.HAL_FLASH_IRQHandler), (396 bytes).
    Removing stm32f0xx_hal_flash.o(i.HAL_FLASH_Lock), (20 bytes).
    Removing stm32f0xx_hal_flash.o(i.HAL_FLASH_OB_Launch), (32 bytes).
    Removing stm32f0xx_hal_flash.o(i.HAL_FLASH_OB_Lock), (24 bytes).
    Removing stm32f0xx_hal_flash.o(i.HAL_FLASH_OB_Unlock), (48 bytes).
    Removing stm32f0xx_hal_flash.o(i.HAL_FLASH_OperationErrorCallback), (2 bytes).
    Removing stm32f0xx_hal_flash.o(i.HAL_FLASH_Program), (188 bytes).
    Removing stm32f0xx_hal_flash.o(i.HAL_FLASH_Program_IT), (120 bytes).
    Removing stm32f0xx_hal_flash.o(i.HAL_FLASH_Unlock), (52 bytes).
    Removing stm32f0xx_hal_flash.o(.bss), (32 bytes).
    Removing stm32f0xx_hal_flash_ex.o(.rev16_text), (4 bytes).
    Removing stm32f0xx_hal_flash_ex.o(.revsh_text), (4 bytes).
    Removing stm32f0xx_hal_flash_ex.o(i.FLASH_MassErase), (40 bytes).
    Removing stm32f0xx_hal_flash_ex.o(i.FLASH_OB_DisableWRP), (148 bytes).
    Removing stm32f0xx_hal_flash_ex.o(i.FLASH_OB_EnableWRP), (152 bytes).
    Removing stm32f0xx_hal_flash_ex.o(i.FLASH_OB_GetRDP), (40 bytes).
    Removing stm32f0xx_hal_flash_ex.o(i.FLASH_OB_GetUser), (20 bytes).
    Removing stm32f0xx_hal_flash_ex.o(i.FLASH_OB_GetWRP), (12 bytes).
    Removing stm32f0xx_hal_flash_ex.o(i.FLASH_OB_ProgramData), (76 bytes).
    Removing stm32f0xx_hal_flash_ex.o(i.FLASH_OB_RDP_LevelConfig), (128 bytes).
    Removing stm32f0xx_hal_flash_ex.o(i.FLASH_OB_UserConfig), (84 bytes).
    Removing stm32f0xx_hal_flash_ex.o(i.FLASH_PageErase), (44 bytes).
    Removing stm32f0xx_hal_flash_ex.o(i.HAL_FLASHEx_Erase), (172 bytes).
    Removing stm32f0xx_hal_flash_ex.o(i.HAL_FLASHEx_Erase_IT), (104 bytes).
    Removing stm32f0xx_hal_flash_ex.o(i.HAL_FLASHEx_OBErase), (100 bytes).
    Removing stm32f0xx_hal_flash_ex.o(i.HAL_FLASHEx_OBGetConfig), (28 bytes).
    Removing stm32f0xx_hal_flash_ex.o(i.HAL_FLASHEx_OBGetUserData), (40 bytes).
    Removing stm32f0xx_hal_flash_ex.o(i.HAL_FLASHEx_OBProgram), (208 bytes).
    Removing stm32f0xx_hal_gpio.o(.rev16_text), (4 bytes).
    Removing stm32f0xx_hal_gpio.o(.revsh_text), (4 bytes).
    Removing stm32f0xx_hal_gpio.o(i.HAL_GPIO_DeInit), (268 bytes).
    Removing stm32f0xx_hal_gpio.o(i.HAL_GPIO_EXTI_Callback), (2 bytes).
    Removing stm32f0xx_hal_gpio.o(i.HAL_GPIO_EXTI_IRQHandler), (32 bytes).
    Removing stm32f0xx_hal_gpio.o(i.HAL_GPIO_LockPin), (50 bytes).
    Removing stm32f0xx_hal_gpio.o(i.HAL_GPIO_ReadPin), (18 bytes).
    Removing stm32f0xx_hal_i2c.o(.rev16_text), (4 bytes).
    Removing stm32f0xx_hal_i2c.o(.revsh_text), (4 bytes).
    Removing stm32f0xx_hal_i2c.o(i.HAL_I2C_DeInit), (66 bytes).
    Removing stm32f0xx_hal_i2c.o(i.HAL_I2C_DisableListen_IT), (60 bytes).
    Removing stm32f0xx_hal_i2c.o(i.HAL_I2C_EV_IRQHandler), (30 bytes).
    Removing stm32f0xx_hal_i2c.o(i.HAL_I2C_EnableListen_IT), (44 bytes).
    Removing stm32f0xx_hal_i2c.o(i.HAL_I2C_ErrorCallback), (2 bytes).
    Removing stm32f0xx_hal_i2c.o(i.HAL_I2C_GetError), (6 bytes).
    Removing stm32f0xx_hal_i2c.o(i.HAL_I2C_GetMode), (8 bytes).
    Removing stm32f0xx_hal_i2c.o(i.HAL_I2C_GetState), (8 bytes).
    Removing stm32f0xx_hal_i2c.o(i.HAL_I2C_IsDeviceReady), (398 bytes).
    Removing stm32f0xx_hal_i2c.o(i.HAL_I2C_MasterRxCpltCallback), (2 bytes).
    Removing stm32f0xx_hal_i2c.o(i.HAL_I2C_MasterTxCpltCallback), (2 bytes).
    Removing stm32f0xx_hal_i2c.o(i.HAL_I2C_Master_Abort_IT), (102 bytes).
    Removing stm32f0xx_hal_i2c.o(i.HAL_I2C_Master_Receive), (384 bytes).
    Removing stm32f0xx_hal_i2c.o(i.HAL_I2C_Master_Receive_DMA), (300 bytes).
    Removing stm32f0xx_hal_i2c.o(i.HAL_I2C_Master_Receive_IT), (172 bytes).
    Removing stm32f0xx_hal_i2c.o(i.HAL_I2C_Master_Sequential_Receive_IT), (160 bytes).
    Removing stm32f0xx_hal_i2c.o(i.HAL_I2C_Master_Sequential_Transmit_IT), (160 bytes).
    Removing stm32f0xx_hal_i2c.o(i.HAL_I2C_Master_Transmit), (380 bytes).
    Removing stm32f0xx_hal_i2c.o(i.HAL_I2C_Master_Transmit_DMA), (300 bytes).
    Removing stm32f0xx_hal_i2c.o(i.HAL_I2C_Master_Transmit_IT), (172 bytes).
    Removing stm32f0xx_hal_i2c.o(i.HAL_I2C_MemRxCpltCallback), (2 bytes).
    Removing stm32f0xx_hal_i2c.o(i.HAL_I2C_MemTxCpltCallback), (2 bytes).
    Removing stm32f0xx_hal_i2c.o(i.HAL_I2C_Mem_Read), (452 bytes).
    Removing stm32f0xx_hal_i2c.o(i.HAL_I2C_Mem_Read_DMA), (320 bytes).
    Removing stm32f0xx_hal_i2c.o(i.HAL_I2C_Mem_Read_IT), (256 bytes).
    Removing stm32f0xx_hal_i2c.o(i.HAL_I2C_Mem_Write), (452 bytes).
    Removing stm32f0xx_hal_i2c.o(i.HAL_I2C_Mem_Write_DMA), (320 bytes).
    Removing stm32f0xx_hal_i2c.o(i.HAL_I2C_Mem_Write_IT), (252 bytes).
    Removing stm32f0xx_hal_i2c.o(i.HAL_I2C_MspDeInit), (2 bytes).
    Removing stm32f0xx_hal_i2c.o(i.HAL_I2C_Slave_Receive), (406 bytes).
    Removing stm32f0xx_hal_i2c.o(i.HAL_I2C_Slave_Receive_DMA), (192 bytes).
    Removing stm32f0xx_hal_i2c.o(i.HAL_I2C_Slave_Receive_IT), (116 bytes).
    Removing stm32f0xx_hal_i2c.o(i.HAL_I2C_Slave_Sequential_Receive_IT), (172 bytes).
    Removing stm32f0xx_hal_i2c.o(i.HAL_I2C_Slave_Sequential_Transmit_IT), (176 bytes).
    Removing stm32f0xx_hal_i2c.o(i.HAL_I2C_Slave_Transmit), (422 bytes).
    Removing stm32f0xx_hal_i2c.o(i.HAL_I2C_Slave_Transmit_DMA), (192 bytes).
    Removing stm32f0xx_hal_i2c.o(i.HAL_I2C_Slave_Transmit_IT), (116 bytes).
    Removing stm32f0xx_hal_i2c.o(i.I2C_DMAError), (30 bytes).
    Removing stm32f0xx_hal_i2c.o(i.I2C_DMAMasterReceiveCplt), (86 bytes).
    Removing stm32f0xx_hal_i2c.o(i.I2C_DMAMasterTransmitCplt), (86 bytes).
    Removing stm32f0xx_hal_i2c.o(i.I2C_DMASlaveReceiveCplt), (2 bytes).
    Removing stm32f0xx_hal_i2c.o(i.I2C_DMASlaveTransmitCplt), (2 bytes).
    Removing stm32f0xx_hal_i2c.o(i.I2C_Enable_IRQ), (144 bytes).
    Removing stm32f0xx_hal_i2c.o(i.I2C_ITMasterCplt), (236 bytes).
    Removing stm32f0xx_hal_i2c.o(i.I2C_ITMasterSequentialCplt), (98 bytes).
    Removing stm32f0xx_hal_i2c.o(i.I2C_IsAcknowledgeFailed), (148 bytes).
    Removing stm32f0xx_hal_i2c.o(i.I2C_Master_ISR_DMA), (266 bytes).
    Removing stm32f0xx_hal_i2c.o(i.I2C_Master_ISR_IT), (428 bytes).
    Removing stm32f0xx_hal_i2c.o(i.I2C_RequestMemoryRead), (146 bytes).
    Removing stm32f0xx_hal_i2c.o(i.I2C_RequestMemoryWrite), (146 bytes).
    Removing stm32f0xx_hal_i2c.o(i.I2C_Slave_ISR_DMA), (158 bytes).
    Removing stm32f0xx_hal_i2c.o(i.I2C_TransferConfig), (48 bytes).
    Removing stm32f0xx_hal_i2c.o(i.I2C_WaitOnFlagUntilTimeout), (82 bytes).
    Removing stm32f0xx_hal_i2c.o(i.I2C_WaitOnRXNEFlagUntilTimeout), (152 bytes).
    Removing stm32f0xx_hal_i2c.o(i.I2C_WaitOnSTOPFlagUntilTimeout), (90 bytes).
    Removing stm32f0xx_hal_i2c.o(i.I2C_WaitOnTXISFlagUntilTimeout), (96 bytes).
    Removing stm32f0xx_hal_i2c_ex.o(.rev16_text), (4 bytes).
    Removing stm32f0xx_hal_i2c_ex.o(.revsh_text), (4 bytes).
    Removing stm32f0xx_hal_i2c_ex.o(i.HAL_I2CEx_DisableFastModePlus), (52 bytes).
    Removing stm32f0xx_hal_i2c_ex.o(i.HAL_I2CEx_DisableWakeUp), (100 bytes).
    Removing stm32f0xx_hal_i2c_ex.o(i.HAL_I2CEx_EnableFastModePlus), (52 bytes).
    Removing stm32f0xx_hal_i2c_ex.o(i.HAL_I2CEx_EnableWakeUp), (100 bytes).
    Removing stm32f0xx_hal_i2s.o(.rev16_text), (4 bytes).
    Removing stm32f0xx_hal_i2s.o(.revsh_text), (4 bytes).
    Removing stm32f0xx_hal_irda.o(.rev16_text), (4 bytes).
    Removing stm32f0xx_hal_irda.o(.revsh_text), (4 bytes).
    Removing stm32f0xx_hal_iwdg.o(.rev16_text), (4 bytes).
    Removing stm32f0xx_hal_iwdg.o(.revsh_text), (4 bytes).
    Removing stm32f0xx_hal_pcd.o(.rev16_text), (4 bytes).
    Removing stm32f0xx_hal_pcd.o(.revsh_text), (4 bytes).
    Removing stm32f0xx_hal_pcd_ex.o(.rev16_text), (4 bytes).
    Removing stm32f0xx_hal_pcd_ex.o(.revsh_text), (4 bytes).
    Removing stm32f0xx_hal_pwr.o(.rev16_text), (4 bytes).
    Removing stm32f0xx_hal_pwr.o(.revsh_text), (4 bytes).
    Removing stm32f0xx_hal_pwr.o(i.HAL_PWR_DeInit), (32 bytes).
    Removing stm32f0xx_hal_pwr.o(i.HAL_PWR_DisableBkUpAccess), (20 bytes).
    Removing stm32f0xx_hal_pwr.o(i.HAL_PWR_DisableSEVOnPend), (20 bytes).
    Removing stm32f0xx_hal_pwr.o(i.HAL_PWR_DisableSleepOnExit), (20 bytes).
    Removing stm32f0xx_hal_pwr.o(i.HAL_PWR_DisableWakeUpPin), (16 bytes).
    Removing stm32f0xx_hal_pwr.o(i.HAL_PWR_EnableBkUpAccess), (20 bytes).
    Removing stm32f0xx_hal_pwr.o(i.HAL_PWR_EnableSEVOnPend), (20 bytes).
    Removing stm32f0xx_hal_pwr.o(i.HAL_PWR_EnableSleepOnExit), (20 bytes).
    Removing stm32f0xx_hal_pwr.o(i.HAL_PWR_EnableWakeUpPin), (16 bytes).
    Removing stm32f0xx_hal_pwr.o(i.HAL_PWR_EnterSLEEPMode), (32 bytes).
    Removing stm32f0xx_hal_pwr.o(i.HAL_PWR_EnterSTANDBYMode), (40 bytes).
    Removing stm32f0xx_hal_pwr.o(i.HAL_PWR_EnterSTOPMode), (72 bytes).
    Removing stm32f0xx_hal_pwr_ex.o(.rev16_text), (4 bytes).
    Removing stm32f0xx_hal_pwr_ex.o(.revsh_text), (4 bytes).
    Removing stm32f0xx_hal_pwr_ex.o(i.HAL_PWR_ConfigPVD), (176 bytes).
    Removing stm32f0xx_hal_pwr_ex.o(i.HAL_PWR_DisablePVD), (20 bytes).
    Removing stm32f0xx_hal_pwr_ex.o(i.HAL_PWR_EnablePVD), (20 bytes).
    Removing stm32f0xx_hal_pwr_ex.o(i.HAL_PWR_PVDCallback), (2 bytes).
    Removing stm32f0xx_hal_pwr_ex.o(i.HAL_PWR_PVD_IRQHandler), (36 bytes).
    Removing stm32f0xx_hal_rcc.o(.rev16_text), (4 bytes).
    Removing stm32f0xx_hal_rcc.o(.revsh_text), (4 bytes).
    Removing stm32f0xx_hal_rcc.o(i.HAL_RCC_CSSCallback), (2 bytes).
    Removing stm32f0xx_hal_rcc.o(i.HAL_RCC_DeInit), (88 bytes).
    Removing stm32f0xx_hal_rcc.o(i.HAL_RCC_DisableCSS), (20 bytes).
    Removing stm32f0xx_hal_rcc.o(i.HAL_RCC_EnableCSS), (20 bytes).
    Removing stm32f0xx_hal_rcc.o(i.HAL_RCC_GetClockConfig), (56 bytes).
    Removing stm32f0xx_hal_rcc.o(i.HAL_RCC_GetOscConfig), (244 bytes).
    Removing stm32f0xx_hal_rcc.o(i.HAL_RCC_MCOConfig), (100 bytes).
    Removing stm32f0xx_hal_rcc.o(i.HAL_RCC_NMI_IRQHandler), (32 bytes).
    Removing stm32f0xx_hal_rcc_ex.o(.rev16_text), (4 bytes).
    Removing stm32f0xx_hal_rcc_ex.o(.revsh_text), (4 bytes).
    Removing stm32f0xx_hal_rcc_ex.o(i.HAL_RCCEx_GetPeriphCLKConfig), (64 bytes).
    Removing stm32f0xx_hal_rcc_ex.o(i.HAL_RCCEx_GetPeriphCLKFreq), (308 bytes).
    Removing stm32f0xx_hal_rtc.o(.rev16_text), (4 bytes).
    Removing stm32f0xx_hal_rtc.o(.revsh_text), (4 bytes).
    Removing stm32f0xx_hal_rtc_ex.o(.rev16_text), (4 bytes).
    Removing stm32f0xx_hal_rtc_ex.o(.revsh_text), (4 bytes).
    Removing stm32f0xx_hal_smartcard.o(.rev16_text), (4 bytes).
    Removing stm32f0xx_hal_smartcard.o(.revsh_text), (4 bytes).
    Removing stm32f0xx_hal_smartcard_ex.o(.rev16_text), (4 bytes).
    Removing stm32f0xx_hal_smartcard_ex.o(.revsh_text), (4 bytes).
    Removing stm32f0xx_hal_smbus.o(.rev16_text), (4 bytes).
    Removing stm32f0xx_hal_smbus.o(.revsh_text), (4 bytes).
    Removing stm32f0xx_hal_spi.o(.rev16_text), (4 bytes).
    Removing stm32f0xx_hal_spi.o(.revsh_text), (4 bytes).
    Removing stm32f0xx_hal_spi_ex.o(.rev16_text), (4 bytes).
    Removing stm32f0xx_hal_spi_ex.o(.revsh_text), (4 bytes).
    Removing stm32f0xx_hal_tim.o(.rev16_text), (4 bytes).
    Removing stm32f0xx_hal_tim.o(.revsh_text), (4 bytes).
    Removing stm32f0xx_hal_tim.o(i.HAL_TIM_Base_DeInit), (80 bytes).
    Removing stm32f0xx_hal_tim.o(i.HAL_TIM_Base_GetState), (8 bytes).
    Removing stm32f0xx_hal_tim.o(i.HAL_TIM_Base_MspDeInit), (2 bytes).
    Removing stm32f0xx_hal_tim.o(i.HAL_TIM_Base_Start), (30 bytes).
    Removing stm32f0xx_hal_tim.o(i.HAL_TIM_Base_Start_DMA), (108 bytes).
    Removing stm32f0xx_hal_tim.o(i.HAL_TIM_Base_Start_IT), (30 bytes).
    Removing stm32f0xx_hal_tim.o(i.HAL_TIM_Base_Stop), (64 bytes).
    Removing stm32f0xx_hal_tim.o(i.HAL_TIM_Base_Stop_DMA), (72 bytes).
    Removing stm32f0xx_hal_tim.o(i.HAL_TIM_Base_Stop_IT), (64 bytes).
    Removing stm32f0xx_hal_tim.o(i.HAL_TIM_ConfigClockSource), (318 bytes).
    Removing stm32f0xx_hal_tim.o(i.HAL_TIM_ConfigOCrefClear), (296 bytes).
    Removing stm32f0xx_hal_tim.o(i.HAL_TIM_ConfigTI1Input), (34 bytes).
    Removing stm32f0xx_hal_tim.o(i.HAL_TIM_DMABurst_MultiReadStart), (380 bytes).
    Removing stm32f0xx_hal_tim.o(i.HAL_TIM_DMABurst_MultiWriteStart), (380 bytes).
    Removing stm32f0xx_hal_tim.o(i.HAL_TIM_DMABurst_ReadStart), (36 bytes).
    Removing stm32f0xx_hal_tim.o(i.HAL_TIM_DMABurst_ReadStop), (146 bytes).
    Removing stm32f0xx_hal_tim.o(i.HAL_TIM_DMABurst_WriteStart), (36 bytes).
    Removing stm32f0xx_hal_tim.o(i.HAL_TIM_DMABurst_WriteStop), (146 bytes).
    Removing stm32f0xx_hal_tim.o(i.HAL_TIM_Encoder_DeInit), (80 bytes).
    Removing stm32f0xx_hal_tim.o(i.HAL_TIM_Encoder_GetState), (8 bytes).
    Removing stm32f0xx_hal_tim.o(i.HAL_TIM_Encoder_Init), (196 bytes).
    Removing stm32f0xx_hal_tim.o(i.HAL_TIM_Encoder_MspDeInit), (2 bytes).
    Removing stm32f0xx_hal_tim.o(i.HAL_TIM_Encoder_MspInit), (2 bytes).
    Removing stm32f0xx_hal_tim.o(i.HAL_TIM_Encoder_Start), (80 bytes).
    Removing stm32f0xx_hal_tim.o(i.HAL_TIM_Encoder_Start_DMA), (336 bytes).
    Removing stm32f0xx_hal_tim.o(i.HAL_TIM_Encoder_Start_IT), (128 bytes).
    Removing stm32f0xx_hal_tim.o(i.HAL_TIM_Encoder_Stop), (112 bytes).
    Removing stm32f0xx_hal_tim.o(i.HAL_TIM_Encoder_Stop_DMA), (168 bytes).
    Removing stm32f0xx_hal_tim.o(i.HAL_TIM_Encoder_Stop_IT), (160 bytes).
    Removing stm32f0xx_hal_tim.o(i.HAL_TIM_ErrorCallback), (2 bytes).
    Removing stm32f0xx_hal_tim.o(i.HAL_TIM_GenerateEvent), (54 bytes).
    Removing stm32f0xx_hal_tim.o(i.HAL_TIM_IC_CaptureCallback), (2 bytes).
    Removing stm32f0xx_hal_tim.o(i.HAL_TIM_IC_ConfigChannel), (226 bytes).
    Removing stm32f0xx_hal_tim.o(i.HAL_TIM_IC_DeInit), (80 bytes).
    Removing stm32f0xx_hal_tim.o(i.HAL_TIM_IC_GetState), (8 bytes).
    Removing stm32f0xx_hal_tim.o(i.HAL_TIM_IC_Init), (56 bytes).
    Removing stm32f0xx_hal_tim.o(i.HAL_TIM_IC_MspDeInit), (2 bytes).
    Removing stm32f0xx_hal_tim.o(i.HAL_TIM_IC_MspInit), (2 bytes).
    Removing stm32f0xx_hal_tim.o(i.HAL_TIM_IC_Start), (32 bytes).
    Removing stm32f0xx_hal_tim.o(i.HAL_TIM_IC_Start_DMA), (276 bytes).
    Removing stm32f0xx_hal_tim.o(i.HAL_TIM_IC_Start_IT), (110 bytes).
    Removing stm32f0xx_hal_tim.o(i.HAL_TIM_IC_Stop), (64 bytes).
    Removing stm32f0xx_hal_tim.o(i.HAL_TIM_IC_Stop_DMA), (156 bytes).
    Removing stm32f0xx_hal_tim.o(i.HAL_TIM_IC_Stop_IT), (144 bytes).
    Removing stm32f0xx_hal_tim.o(i.HAL_TIM_IRQHandler), (456 bytes).
    Removing stm32f0xx_hal_tim.o(i.HAL_TIM_OC_ConfigChannel), (118 bytes).
    Removing stm32f0xx_hal_tim.o(i.HAL_TIM_OC_DeInit), (80 bytes).
    Removing stm32f0xx_hal_tim.o(i.HAL_TIM_OC_DelayElapsedCallback), (2 bytes).
    Removing stm32f0xx_hal_tim.o(i.HAL_TIM_OC_GetState), (8 bytes).
    Removing stm32f0xx_hal_tim.o(i.HAL_TIM_OC_Init), (56 bytes).
    Removing stm32f0xx_hal_tim.o(i.HAL_TIM_OC_MspDeInit), (2 bytes).
    Removing stm32f0xx_hal_tim.o(i.HAL_TIM_OC_MspInit), (2 bytes).
    Removing stm32f0xx_hal_tim.o(i.HAL_TIM_OC_Start), (104 bytes).
    Removing stm32f0xx_hal_tim.o(i.HAL_TIM_OC_Start_DMA), (348 bytes).
    Removing stm32f0xx_hal_tim.o(i.HAL_TIM_OC_Start_IT), (184 bytes).
    Removing stm32f0xx_hal_tim.o(i.HAL_TIM_OC_Stop), (164 bytes).
    Removing stm32f0xx_hal_tim.o(i.HAL_TIM_OC_Stop_DMA), (256 bytes).
    Removing stm32f0xx_hal_tim.o(i.HAL_TIM_OC_Stop_IT), (244 bytes).
    Removing stm32f0xx_hal_tim.o(i.HAL_TIM_OnePulse_ConfigChannel), (298 bytes).
    Removing stm32f0xx_hal_tim.o(i.HAL_TIM_OnePulse_DeInit), (80 bytes).
    Removing stm32f0xx_hal_tim.o(i.HAL_TIM_OnePulse_GetState), (8 bytes).
    Removing stm32f0xx_hal_tim.o(i.HAL_TIM_OnePulse_Init), (80 bytes).
    Removing stm32f0xx_hal_tim.o(i.HAL_TIM_OnePulse_MspDeInit), (2 bytes).
    Removing stm32f0xx_hal_tim.o(i.HAL_TIM_OnePulse_MspInit), (2 bytes).
    Removing stm32f0xx_hal_tim.o(i.HAL_TIM_OnePulse_Start), (104 bytes).
    Removing stm32f0xx_hal_tim.o(i.HAL_TIM_OnePulse_Start_IT), (128 bytes).
    Removing stm32f0xx_hal_tim.o(i.HAL_TIM_OnePulse_Stop), (176 bytes).
    Removing stm32f0xx_hal_tim.o(i.HAL_TIM_OnePulse_Stop_IT), (200 bytes).
    Removing stm32f0xx_hal_tim.o(i.HAL_TIM_PWM_ConfigChannel), (274 bytes).
    Removing stm32f0xx_hal_tim.o(i.HAL_TIM_PWM_DeInit), (80 bytes).
    Removing stm32f0xx_hal_tim.o(i.HAL_TIM_PWM_GetState), (8 bytes).
    Removing stm32f0xx_hal_tim.o(i.HAL_TIM_PWM_Init), (56 bytes).
    Removing stm32f0xx_hal_tim.o(i.HAL_TIM_PWM_MspDeInit), (2 bytes).
    Removing stm32f0xx_hal_tim.o(i.HAL_TIM_PWM_MspInit), (2 bytes).
    Removing stm32f0xx_hal_tim.o(i.HAL_TIM_PWM_PulseFinishedCallback), (2 bytes).
    Removing stm32f0xx_hal_tim.o(i.HAL_TIM_PWM_Start), (104 bytes).
    Removing stm32f0xx_hal_tim.o(i.HAL_TIM_PWM_Start_DMA), (348 bytes).
    Removing stm32f0xx_hal_tim.o(i.HAL_TIM_PWM_Start_IT), (184 bytes).
    Removing stm32f0xx_hal_tim.o(i.HAL_TIM_PWM_Stop), (172 bytes).
    Removing stm32f0xx_hal_tim.o(i.HAL_TIM_PWM_Stop_DMA), (256 bytes).
    Removing stm32f0xx_hal_tim.o(i.HAL_TIM_PWM_Stop_IT), (244 bytes).
    Removing stm32f0xx_hal_tim.o(i.HAL_TIM_PeriodElapsedCallback), (2 bytes).
    Removing stm32f0xx_hal_tim.o(i.HAL_TIM_ReadCapturedValue), (88 bytes).
    Removing stm32f0xx_hal_tim.o(i.HAL_TIM_SlaveConfigSynchronization), (88 bytes).
    Removing stm32f0xx_hal_tim.o(i.HAL_TIM_SlaveConfigSynchronization_IT), (88 bytes).
    Removing stm32f0xx_hal_tim.o(i.HAL_TIM_TriggerCallback), (2 bytes).
    Removing stm32f0xx_hal_tim.o(i.TIM_CCxChannelCmd), (28 bytes).
    Removing stm32f0xx_hal_tim.o(i.TIM_DMACaptureCplt), (70 bytes).
    Removing stm32f0xx_hal_tim.o(i.TIM_DMADelayPulseCplt), (70 bytes).
    Removing stm32f0xx_hal_tim.o(i.TIM_DMAError), (20 bytes).
    Removing stm32f0xx_hal_tim.o(i.TIM_DMAPeriodElapsedCplt), (20 bytes).
    Removing stm32f0xx_hal_tim.o(i.TIM_DMATriggerCplt), (20 bytes).
    Removing stm32f0xx_hal_tim.o(i.TIM_ETR_SetConfig), (30 bytes).
    Removing stm32f0xx_hal_tim.o(i.TIM_ITRx_SetConfig), (26 bytes).
    Removing stm32f0xx_hal_tim.o(i.TIM_OC1_SetConfig), (180 bytes).
    Removing stm32f0xx_hal_tim.o(i.TIM_OC2_SetConfig), (200 bytes).
    Removing stm32f0xx_hal_tim.o(i.TIM_OC3_SetConfig), (196 bytes).
    Removing stm32f0xx_hal_tim.o(i.TIM_OC4_SetConfig), (136 bytes).
    Removing stm32f0xx_hal_tim.o(i.TIM_SlaveTimer_SetConfig), (172 bytes).
    Removing stm32f0xx_hal_tim.o(i.TIM_TI1_ConfigInputStage), (54 bytes).
    Removing stm32f0xx_hal_tim.o(i.TIM_TI1_SetConfig), (120 bytes).
    Removing stm32f0xx_hal_tim.o(i.TIM_TI2_ConfigInputStage), (54 bytes).
    Removing stm32f0xx_hal_tim.o(i.TIM_TI2_SetConfig), (76 bytes).
    Removing stm32f0xx_hal_tim.o(i.TIM_TI3_SetConfig), (74 bytes).
    Removing stm32f0xx_hal_tim.o(i.TIM_TI4_SetConfig), (82 bytes).
    Removing stm32f0xx_hal_tim_ex.o(.rev16_text), (4 bytes).
    Removing stm32f0xx_hal_tim_ex.o(.revsh_text), (4 bytes).
    Removing stm32f0xx_hal_tim_ex.o(i.HAL_TIMEx_BreakCallback), (2 bytes).
    Removing stm32f0xx_hal_tim_ex.o(i.HAL_TIMEx_CommutationCallback), (2 bytes).
    Removing stm32f0xx_hal_tim_ex.o(i.HAL_TIMEx_ConfigBreakDeadTime), (166 bytes).
    Removing stm32f0xx_hal_tim_ex.o(i.HAL_TIMEx_ConfigCommutationEvent), (112 bytes).
    Removing stm32f0xx_hal_tim_ex.o(i.HAL_TIMEx_ConfigCommutationEvent_DMA), (148 bytes).
    Removing stm32f0xx_hal_tim_ex.o(i.HAL_TIMEx_ConfigCommutationEvent_IT), (124 bytes).
    Removing stm32f0xx_hal_tim_ex.o(i.HAL_TIMEx_HallSensor_DeInit), (80 bytes).
    Removing stm32f0xx_hal_tim_ex.o(i.HAL_TIMEx_HallSensor_GetState), (8 bytes).
    Removing stm32f0xx_hal_tim_ex.o(i.HAL_TIMEx_HallSensor_Init), (212 bytes).
    Removing stm32f0xx_hal_tim_ex.o(i.HAL_TIMEx_HallSensor_MspDeInit), (2 bytes).
    Removing stm32f0xx_hal_tim_ex.o(i.HAL_TIMEx_HallSensor_MspInit), (2 bytes).
    Removing stm32f0xx_hal_tim_ex.o(i.HAL_TIMEx_HallSensor_Start), (30 bytes).
    Removing stm32f0xx_hal_tim_ex.o(i.HAL_TIMEx_HallSensor_Start_DMA), (120 bytes).
    Removing stm32f0xx_hal_tim_ex.o(i.HAL_TIMEx_HallSensor_Start_IT), (42 bytes).
    Removing stm32f0xx_hal_tim_ex.o(i.HAL_TIMEx_HallSensor_Stop), (64 bytes).
    Removing stm32f0xx_hal_tim_ex.o(i.HAL_TIMEx_HallSensor_Stop_DMA), (76 bytes).
    Removing stm32f0xx_hal_tim_ex.o(i.HAL_TIMEx_HallSensor_Stop_IT), (76 bytes).
    Removing stm32f0xx_hal_tim_ex.o(i.HAL_TIMEx_MasterConfigSynchronization), (98 bytes).
    Removing stm32f0xx_hal_tim_ex.o(i.HAL_TIMEx_OCN_Start), (46 bytes).
    Removing stm32f0xx_hal_tim_ex.o(i.HAL_TIMEx_OCN_Start_DMA), (292 bytes).
    Removing stm32f0xx_hal_tim_ex.o(i.HAL_TIMEx_OCN_Start_IT), (136 bytes).
    Removing stm32f0xx_hal_tim_ex.o(i.HAL_TIMEx_OCN_Stop), (108 bytes).
    Removing stm32f0xx_hal_tim_ex.o(i.HAL_TIMEx_OCN_Stop_DMA), (200 bytes).
    Removing stm32f0xx_hal_tim_ex.o(i.HAL_TIMEx_OCN_Stop_IT), (216 bytes).
    Removing stm32f0xx_hal_tim_ex.o(i.HAL_TIMEx_OnePulseN_Start), (34 bytes).
    Removing stm32f0xx_hal_tim_ex.o(i.HAL_TIMEx_OnePulseN_Start_IT), (58 bytes).
    Removing stm32f0xx_hal_tim_ex.o(i.HAL_TIMEx_OnePulseN_Stop), (108 bytes).
    Removing stm32f0xx_hal_tim_ex.o(i.HAL_TIMEx_OnePulseN_Stop_IT), (132 bytes).
    Removing stm32f0xx_hal_tim_ex.o(i.HAL_TIMEx_PWMN_Start), (46 bytes).
    Removing stm32f0xx_hal_tim_ex.o(i.HAL_TIMEx_PWMN_Start_DMA), (292 bytes).
    Removing stm32f0xx_hal_tim_ex.o(i.HAL_TIMEx_PWMN_Start_IT), (136 bytes).
    Removing stm32f0xx_hal_tim_ex.o(i.HAL_TIMEx_PWMN_Stop), (108 bytes).
    Removing stm32f0xx_hal_tim_ex.o(i.HAL_TIMEx_PWMN_Stop_DMA), (200 bytes).
    Removing stm32f0xx_hal_tim_ex.o(i.HAL_TIMEx_PWMN_Stop_IT), (216 bytes).
    Removing stm32f0xx_hal_tim_ex.o(i.HAL_TIMEx_RemapConfig), (46 bytes).
    Removing stm32f0xx_hal_tim_ex.o(i.HAL_TIM_ConfigOCrefClear), (314 bytes).
    Removing stm32f0xx_hal_tim_ex.o(i.TIMEx_DMACommutationCplt), (20 bytes).
    Removing stm32f0xx_hal_tim_ex.o(i.TIM_CCxNChannelCmd), (28 bytes).
    Removing stm32f0xx_hal_tsc.o(.rev16_text), (4 bytes).
    Removing stm32f0xx_hal_tsc.o(.revsh_text), (4 bytes).
    Removing stm32f0xx_hal_uart.o(.rev16_text), (4 bytes).
    Removing stm32f0xx_hal_uart.o(.revsh_text), (4 bytes).
    Removing stm32f0xx_hal_uart.o(i.HAL_HalfDuplex_EnableReceiver), (74 bytes).
    Removing stm32f0xx_hal_uart.o(i.HAL_HalfDuplex_EnableTransmitter), (74 bytes).
    Removing stm32f0xx_hal_uart.o(i.HAL_HalfDuplex_Init), (132 bytes).
    Removing stm32f0xx_hal_uart.o(i.HAL_MultiProcessor_DisableMuteMode), (60 bytes).
    Removing stm32f0xx_hal_uart.o(i.HAL_MultiProcessor_EnableMuteMode), (60 bytes).
    Removing stm32f0xx_hal_uart.o(i.HAL_MultiProcessor_EnterMuteMode), (14 bytes).
    Removing stm32f0xx_hal_uart.o(i.HAL_MultiProcessor_Init), (164 bytes).
    Removing stm32f0xx_hal_uart.o(i.HAL_UART_Abort), (142 bytes).
    Removing stm32f0xx_hal_uart.o(i.HAL_UART_AbortCpltCallback), (2 bytes).
    Removing stm32f0xx_hal_uart.o(i.HAL_UART_AbortReceive), (92 bytes).
    Removing stm32f0xx_hal_uart.o(i.HAL_UART_AbortReceiveCpltCallback), (2 bytes).
    Removing stm32f0xx_hal_uart.o(i.HAL_UART_AbortReceive_IT), (140 bytes).
    Removing stm32f0xx_hal_uart.o(i.HAL_UART_AbortTransmit), (72 bytes).
    Removing stm32f0xx_hal_uart.o(i.HAL_UART_AbortTransmitCpltCallback), (2 bytes).
    Removing stm32f0xx_hal_uart.o(i.HAL_UART_AbortTransmit_IT), (116 bytes).
    Removing stm32f0xx_hal_uart.o(i.HAL_UART_Abort_IT), (244 bytes).
    Removing stm32f0xx_hal_uart.o(i.HAL_UART_DMAPause), (124 bytes).
    Removing stm32f0xx_hal_uart.o(i.HAL_UART_DMAResume), (110 bytes).
    Removing stm32f0xx_hal_uart.o(i.HAL_UART_DMAStop), (104 bytes).
    Removing stm32f0xx_hal_uart.o(i.HAL_UART_DeInit), (76 bytes).
    Removing stm32f0xx_hal_uart.o(i.HAL_UART_ErrorCallback), (2 bytes).
    Removing stm32f0xx_hal_uart.o(i.HAL_UART_GetError), (6 bytes).
    Removing stm32f0xx_hal_uart.o(i.HAL_UART_GetState), (20 bytes).
    Removing stm32f0xx_hal_uart.o(i.HAL_UART_IRQHandler), (448 bytes).
    Removing stm32f0xx_hal_uart.o(i.HAL_UART_MspDeInit), (2 bytes).
    Removing stm32f0xx_hal_uart.o(i.HAL_UART_Receive), (300 bytes).
    Removing stm32f0xx_hal_uart.o(i.HAL_UART_Receive_DMA), (204 bytes).
    Removing stm32f0xx_hal_uart.o(i.HAL_UART_Receive_IT), (204 bytes).
    Removing stm32f0xx_hal_uart.o(i.HAL_UART_RxCpltCallback), (2 bytes).
    Removing stm32f0xx_hal_uart.o(i.HAL_UART_RxHalfCpltCallback), (2 bytes).
    Removing stm32f0xx_hal_uart.o(i.HAL_UART_Transmit), (240 bytes).
    Removing stm32f0xx_hal_uart.o(i.HAL_UART_Transmit_DMA), (188 bytes).
    Removing stm32f0xx_hal_uart.o(i.HAL_UART_Transmit_IT), (124 bytes).
    Removing stm32f0xx_hal_uart.o(i.HAL_UART_TxCpltCallback), (2 bytes).
    Removing stm32f0xx_hal_uart.o(i.HAL_UART_TxHalfCpltCallback), (2 bytes).
    Removing stm32f0xx_hal_uart.o(i.UART_DMAAbortOnError), (24 bytes).
    Removing stm32f0xx_hal_uart.o(i.UART_DMAError), (86 bytes).
    Removing stm32f0xx_hal_uart.o(i.UART_DMAReceiveCplt), (76 bytes).
    Removing stm32f0xx_hal_uart.o(i.UART_DMARxAbortCallback), (68 bytes).
    Removing stm32f0xx_hal_uart.o(i.UART_DMARxHalfCplt), (14 bytes).
    Removing stm32f0xx_hal_uart.o(i.UART_DMARxOnlyAbortCallback), (32 bytes).
    Removing stm32f0xx_hal_uart.o(i.UART_DMATransmitCplt), (58 bytes).
    Removing stm32f0xx_hal_uart.o(i.UART_DMATxAbortCallback), (68 bytes).
    Removing stm32f0xx_hal_uart.o(i.UART_DMATxHalfCplt), (14 bytes).
    Removing stm32f0xx_hal_uart.o(i.UART_DMATxOnlyAbortCallback), (26 bytes).
    Removing stm32f0xx_hal_uart.o(i.UART_EndRxTransfer), (34 bytes).
    Removing stm32f0xx_hal_uart.o(i.UART_EndTransmit_IT), (32 bytes).
    Removing stm32f0xx_hal_uart.o(i.UART_EndTxTransfer), (20 bytes).
    Removing stm32f0xx_hal_uart.o(i.UART_Receive_IT), (142 bytes).
    Removing stm32f0xx_hal_uart.o(i.UART_Transmit_IT), (114 bytes).
    Removing stm32f0xx_hal_uart_ex.o(.rev16_text), (4 bytes).
    Removing stm32f0xx_hal_uart_ex.o(.revsh_text), (4 bytes).
    Removing stm32f0xx_hal_uart_ex.o(i.HAL_LIN_Init), (174 bytes).
    Removing stm32f0xx_hal_uart_ex.o(i.HAL_LIN_SendBreak), (62 bytes).
    Removing stm32f0xx_hal_uart_ex.o(i.HAL_MultiProcessorEx_AddressLength_Set), (66 bytes).
    Removing stm32f0xx_hal_uart_ex.o(i.HAL_RS485Ex_Init), (160 bytes).
    Removing stm32f0xx_hal_uart_ex.o(i.HAL_UARTEx_DisableStopMode), (62 bytes).
    Removing stm32f0xx_hal_uart_ex.o(i.HAL_UARTEx_EnableStopMode), (62 bytes).
    Removing stm32f0xx_hal_uart_ex.o(i.HAL_UARTEx_StopModeWakeUpSourceConfig), (156 bytes).
    Removing stm32f0xx_hal_uart_ex.o(i.HAL_UARTEx_WakeupCallback), (2 bytes).
    Removing stm32f0xx_hal_uart_ex.o(i.UARTEx_Wakeup_AddressConfig), (42 bytes).
    Removing stm32f0xx_hal_usart.o(.rev16_text), (4 bytes).
    Removing stm32f0xx_hal_usart.o(.revsh_text), (4 bytes).
    Removing stm32f0xx_hal_wwdg.o(.rev16_text), (4 bytes).
    Removing stm32f0xx_hal_wwdg.o(.revsh_text), (4 bytes).
    Removing ring_buffer.o(i.check_ring_buff), (6 bytes).
    Removing ring_buffer.o(i.get_ring_buff_data), (44 bytes).
    Removing ring_buffer.o(i.location), (24 bytes).
    Removing ring_buffer.o(i.put_ring_buff_data), (38 bytes).
    Removing hal_clk.o(.rev16_text), (4 bytes).
    Removing hal_clk.o(.revsh_text), (4 bytes).
    Removing hal_flash.o(.rev16_text), (4 bytes).
    Removing hal_flash.o(.revsh_text), (4 bytes).
    Removing hal_gpio.o(.rev16_text), (4 bytes).
    Removing hal_gpio.o(.revsh_text), (4 bytes).
    Removing hal_gpio.o(i.hal_gpio_read), (40 bytes).
    Removing hal_mcu.o(.rev16_text), (4 bytes).
    Removing hal_mcu.o(.revsh_text), (4 bytes).
    Removing hal_mcu.o(i.hal_get_sys_freq), (12 bytes).
    Removing hal_mcu.o(i.hal_get_tick), (8 bytes).
    Removing hal_mcu.o(i.hal_systick_update_callback_register), (12 bytes).
    Removing hal_mcu.o(i.hal_tick_delay), (12 bytes).
    Removing hal_timer.o(.rev16_text), (4 bytes).
    Removing hal_timer.o(.revsh_text), (4 bytes).
    Removing hal_uart.o(.rev16_text), (4 bytes).
    Removing hal_uart.o(.revsh_text), (4 bytes).
    Removing hal_uart.o(i.hal_uart1_send), (24 bytes).
    Removing hal_uart.o(i.hal_uart1_string), (28 bytes).
    Removing hal_iic.o(.rev16_text), (4 bytes).
    Removing hal_iic.o(.revsh_text), (4 bytes).
    Removing main.o(.rev16_text), (4 bytes).
    Removing main.o(.revsh_text), (4 bytes).
    Removing led.o(.rev16_text), (4 bytes).
    Removing led.o(.revsh_text), (4 bytes).
    Removing led.o(i.led1_off), (20 bytes).
    Removing led.o(i.led1_on), (20 bytes).
    Removing led.o(i.led1_toggle), (48 bytes).
    Removing led.o(i.led2_off), (20 bytes).
    Removing led.o(i.led2_on), (20 bytes).
    Removing led.o(i.led2_toggle), (48 bytes).
    Removing led.o(i.led3_off), (20 bytes).
    Removing led.o(i.led3_on), (20 bytes).
    Removing led.o(i.led3_toggle), (48 bytes).
    Removing led.o(i.led4_off), (20 bytes).
    Removing led.o(i.led4_on), (20 bytes).
    Removing led.o(i.led4_toggle), (48 bytes).
    Removing printf.o(.rev16_text), (4 bytes).
    Removing printf.o(.revsh_text), (4 bytes).
    Removing printf.o(i.fputc), (24 bytes).
    Removing printf.o(i.printf_loop), (40 bytes).
    Removing system_stm32f0xx.o(.rev16_text), (4 bytes).
    Removing system_stm32f0xx.o(.revsh_text), (4 bytes).
    Removing system_stm32f0xx.o(i.SystemCoreClockUpdate), (176 bytes).
    Removing startup_stm32f051x8.o(HEAP), (512 bytes).
    Removing stm32f0xx_hal_dma.o(i.__ARM_common_switch8), (28 bytes).

492 unused section(s) (total 38070 bytes) removed from the image.

==============================================================================

Image Symbol Table

    Local Symbols

    Symbol Name                              Value     Ov Type        Size  Object(Section)

    ../clib/microlib/division.c              0x00000000   Number         0  uidiv.o ABSOLUTE
    ../clib/microlib/init/entry.s            0x00000000   Number         0  entry10b.o ABSOLUTE
    ../clib/microlib/init/entry.s            0x00000000   Number         0  entry11a.o ABSOLUTE
    ../clib/microlib/init/entry.s            0x00000000   Number         0  entry.o ABSOLUTE
    ../clib/microlib/init/entry.s            0x00000000   Number         0  entry11b.o ABSOLUTE
    ../clib/microlib/init/entry.s            0x00000000   Number         0  entry8a.o ABSOLUTE
    ../clib/microlib/init/entry.s            0x00000000   Number         0  entry7b.o ABSOLUTE
    ../clib/microlib/init/entry.s            0x00000000   Number         0  entry8b.o ABSOLUTE
    ../clib/microlib/init/entry.s            0x00000000   Number         0  entry7a.o ABSOLUTE
    ../clib/microlib/init/entry.s            0x00000000   Number         0  entry5.o ABSOLUTE
    ../clib/microlib/init/entry.s            0x00000000   Number         0  entry2.o ABSOLUTE
    ../clib/microlib/init/entry.s            0x00000000   Number         0  entry10a.o ABSOLUTE
    ../clib/microlib/init/entry.s            0x00000000   Number         0  entry9b.o ABSOLUTE
    ../clib/microlib/init/entry.s            0x00000000   Number         0  entry9a.o ABSOLUTE
    ../clib/microlib/longlong.c              0x00000000   Number         0  llushr.o ABSOLUTE
    ../clib/microlib/string/memset.c         0x00000000   Number         0  memseta.o ABSOLUTE
    ..\..\components\ring_buffer.c           0x00000000   Number         0  ring_buffer.o ABSOLUTE
    ..\..\cpu\hal_clk.c                      0x00000000   Number         0  hal_clk.o ABSOLUTE
    ..\..\cpu\hal_flash.c                    0x00000000   Number         0  hal_flash.o ABSOLUTE
    ..\..\cpu\hal_gpio.c                     0x00000000   Number         0  hal_gpio.o ABSOLUTE
    ..\..\cpu\hal_iic.c                      0x00000000   Number         0  hal_iic.o ABSOLUTE
    ..\..\cpu\hal_mcu.c                      0x00000000   Number         0  hal_mcu.o ABSOLUTE
    ..\..\cpu\hal_timer.c                    0x00000000   Number         0  hal_timer.o ABSOLUTE
    ..\..\cpu\hal_uart.c                     0x00000000   Number         0  hal_uart.o ABSOLUTE
    ..\..\fwlib\CMSIS\Device\ST\STM32F0xx\Source\Templates\arm\startup_stm32f051x8.s 0x00000000   Number         0  startup_stm32f051x8.o ABSOLUTE
    ..\..\fwlib\CMSIS\Device\ST\STM32F0xx\Source\Templates\system_stm32f0xx.c 0x00000000   Number         0  system_stm32f0xx.o ABSOLUTE
    ..\..\fwlib\STM32F0xx_HAL_Driver\Src\stm32f0xx_hal.c 0x00000000   Number         0  stm32f0xx_hal.o ABSOLUTE
    ..\..\fwlib\STM32F0xx_HAL_Driver\Src\stm32f0xx_hal_adc.c 0x00000000   Number         0  stm32f0xx_hal_adc.o ABSOLUTE
    ..\..\fwlib\STM32F0xx_HAL_Driver\Src\stm32f0xx_hal_adc_ex.c 0x00000000   Number         0  stm32f0xx_hal_adc_ex.o ABSOLUTE
    ..\..\fwlib\STM32F0xx_HAL_Driver\Src\stm32f0xx_hal_can.c 0x00000000   Number         0  stm32f0xx_hal_can.o ABSOLUTE
    ..\..\fwlib\STM32F0xx_HAL_Driver\Src\stm32f0xx_hal_cec.c 0x00000000   Number         0  stm32f0xx_hal_cec.o ABSOLUTE
    ..\..\fwlib\STM32F0xx_HAL_Driver\Src\stm32f0xx_hal_comp.c 0x00000000   Number         0  stm32f0xx_hal_comp.o ABSOLUTE
    ..\..\fwlib\STM32F0xx_HAL_Driver\Src\stm32f0xx_hal_cortex.c 0x00000000   Number         0  stm32f0xx_hal_cortex.o ABSOLUTE
    ..\..\fwlib\STM32F0xx_HAL_Driver\Src\stm32f0xx_hal_crc.c 0x00000000   Number         0  stm32f0xx_hal_crc.o ABSOLUTE
    ..\..\fwlib\STM32F0xx_HAL_Driver\Src\stm32f0xx_hal_crc_ex.c 0x00000000   Number         0  stm32f0xx_hal_crc_ex.o ABSOLUTE
    ..\..\fwlib\STM32F0xx_HAL_Driver\Src\stm32f0xx_hal_dac.c 0x00000000   Number         0  stm32f0xx_hal_dac.o ABSOLUTE
    ..\..\fwlib\STM32F0xx_HAL_Driver\Src\stm32f0xx_hal_dac_ex.c 0x00000000   Number         0  stm32f0xx_hal_dac_ex.o ABSOLUTE
    ..\..\fwlib\STM32F0xx_HAL_Driver\Src\stm32f0xx_hal_dma.c 0x00000000   Number         0  stm32f0xx_hal_dma.o ABSOLUTE
    ..\..\fwlib\STM32F0xx_HAL_Driver\Src\stm32f0xx_hal_flash.c 0x00000000   Number         0  stm32f0xx_hal_flash.o ABSOLUTE
    ..\..\fwlib\STM32F0xx_HAL_Driver\Src\stm32f0xx_hal_flash_ex.c 0x00000000   Number         0  stm32f0xx_hal_flash_ex.o ABSOLUTE
    ..\..\fwlib\STM32F0xx_HAL_Driver\Src\stm32f0xx_hal_gpio.c 0x00000000   Number         0  stm32f0xx_hal_gpio.o ABSOLUTE
    ..\..\fwlib\STM32F0xx_HAL_Driver\Src\stm32f0xx_hal_i2c.c 0x00000000   Number         0  stm32f0xx_hal_i2c.o ABSOLUTE
    ..\..\fwlib\STM32F0xx_HAL_Driver\Src\stm32f0xx_hal_i2c_ex.c 0x00000000   Number         0  stm32f0xx_hal_i2c_ex.o ABSOLUTE
    ..\..\fwlib\STM32F0xx_HAL_Driver\Src\stm32f0xx_hal_i2s.c 0x00000000   Number         0  stm32f0xx_hal_i2s.o ABSOLUTE
    ..\..\fwlib\STM32F0xx_HAL_Driver\Src\stm32f0xx_hal_irda.c 0x00000000   Number         0  stm32f0xx_hal_irda.o ABSOLUTE
    ..\..\fwlib\STM32F0xx_HAL_Driver\Src\stm32f0xx_hal_iwdg.c 0x00000000   Number         0  stm32f0xx_hal_iwdg.o ABSOLUTE
    ..\..\fwlib\STM32F0xx_HAL_Driver\Src\stm32f0xx_hal_pcd.c 0x00000000   Number         0  stm32f0xx_hal_pcd.o ABSOLUTE
    ..\..\fwlib\STM32F0xx_HAL_Driver\Src\stm32f0xx_hal_pcd_ex.c 0x00000000   Number         0  stm32f0xx_hal_pcd_ex.o ABSOLUTE
    ..\..\fwlib\STM32F0xx_HAL_Driver\Src\stm32f0xx_hal_pwr.c 0x00000000   Number         0  stm32f0xx_hal_pwr.o ABSOLUTE
    ..\..\fwlib\STM32F0xx_HAL_Driver\Src\stm32f0xx_hal_pwr_ex.c 0x00000000   Number         0  stm32f0xx_hal_pwr_ex.o ABSOLUTE
    ..\..\fwlib\STM32F0xx_HAL_Driver\Src\stm32f0xx_hal_rcc.c 0x00000000   Number         0  stm32f0xx_hal_rcc.o ABSOLUTE
    ..\..\fwlib\STM32F0xx_HAL_Driver\Src\stm32f0xx_hal_rcc_ex.c 0x00000000   Number         0  stm32f0xx_hal_rcc_ex.o ABSOLUTE
    ..\..\fwlib\STM32F0xx_HAL_Driver\Src\stm32f0xx_hal_rtc.c 0x00000000   Number         0  stm32f0xx_hal_rtc.o ABSOLUTE
    ..\..\fwlib\STM32F0xx_HAL_Driver\Src\stm32f0xx_hal_rtc_ex.c 0x00000000   Number         0  stm32f0xx_hal_rtc_ex.o ABSOLUTE
    ..\..\fwlib\STM32F0xx_HAL_Driver\Src\stm32f0xx_hal_smartcard.c 0x00000000   Number         0  stm32f0xx_hal_smartcard.o ABSOLUTE
    ..\..\fwlib\STM32F0xx_HAL_Driver\Src\stm32f0xx_hal_smartcard_ex.c 0x00000000   Number         0  stm32f0xx_hal_smartcard_ex.o ABSOLUTE
    ..\..\fwlib\STM32F0xx_HAL_Driver\Src\stm32f0xx_hal_smbus.c 0x00000000   Number         0  stm32f0xx_hal_smbus.o ABSOLUTE
    ..\..\fwlib\STM32F0xx_HAL_Driver\Src\stm32f0xx_hal_spi.c 0x00000000   Number         0  stm32f0xx_hal_spi.o ABSOLUTE
    ..\..\fwlib\STM32F0xx_HAL_Driver\Src\stm32f0xx_hal_spi_ex.c 0x00000000   Number         0  stm32f0xx_hal_spi_ex.o ABSOLUTE
    ..\..\fwlib\STM32F0xx_HAL_Driver\Src\stm32f0xx_hal_tim.c 0x00000000   Number         0  stm32f0xx_hal_tim.o ABSOLUTE
    ..\..\fwlib\STM32F0xx_HAL_Driver\Src\stm32f0xx_hal_tim_ex.c 0x00000000   Number         0  stm32f0xx_hal_tim_ex.o ABSOLUTE
    ..\..\fwlib\STM32F0xx_HAL_Driver\Src\stm32f0xx_hal_tsc.c 0x00000000   Number         0  stm32f0xx_hal_tsc.o ABSOLUTE
    ..\..\fwlib\STM32F0xx_HAL_Driver\Src\stm32f0xx_hal_uart.c 0x00000000   Number         0  stm32f0xx_hal_uart.o ABSOLUTE
    ..\..\fwlib\STM32F0xx_HAL_Driver\Src\stm32f0xx_hal_uart_ex.c 0x00000000   Number         0  stm32f0xx_hal_uart_ex.o ABSOLUTE
    ..\..\fwlib\STM32F0xx_HAL_Driver\Src\stm32f0xx_hal_usart.c 0x00000000   Number         0  stm32f0xx_hal_usart.o ABSOLUTE
    ..\..\fwlib\STM32F0xx_HAL_Driver\Src\stm32f0xx_hal_wwdg.c 0x00000000   Number         0  stm32f0xx_hal_wwdg.o ABSOLUTE
    ..\..\user\led.c                         0x00000000   Number         0  led.o ABSOLUTE
    ..\..\user\main.c                        0x00000000   Number         0  main.o ABSOLUTE
    ..\..\user\printf.c                      0x00000000   Number         0  printf.o ABSOLUTE
    ..\\..\\cpu\\hal_clk.c                   0x00000000   Number         0  hal_clk.o ABSOLUTE
    ..\\..\\cpu\\hal_flash.c                 0x00000000   Number         0  hal_flash.o ABSOLUTE
    ..\\..\\cpu\\hal_gpio.c                  0x00000000   Number         0  hal_gpio.o ABSOLUTE
    ..\\..\\cpu\\hal_iic.c                   0x00000000   Number         0  hal_iic.o ABSOLUTE
    ..\\..\\cpu\\hal_mcu.c                   0x00000000   Number         0  hal_mcu.o ABSOLUTE
    ..\\..\\cpu\\hal_timer.c                 0x00000000   Number         0  hal_timer.o ABSOLUTE
    ..\\..\\cpu\\hal_uart.c                  0x00000000   Number         0  hal_uart.o ABSOLUTE
    ..\\..\\fwlib\\CMSIS\\Device\\ST\\STM32F0xx\\Source\\Templates\\system_stm32f0xx.c 0x00000000   Number         0  system_stm32f0xx.o ABSOLUTE
    ..\\..\\fwlib\\STM32F0xx_HAL_Driver\\Src\\stm32f0xx_hal.c 0x00000000   Number         0  stm32f0xx_hal.o ABSOLUTE
    ..\\..\\fwlib\\STM32F0xx_HAL_Driver\\Src\\stm32f0xx_hal_adc.c 0x00000000   Number         0  stm32f0xx_hal_adc.o ABSOLUTE
    ..\\..\\fwlib\\STM32F0xx_HAL_Driver\\Src\\stm32f0xx_hal_adc_ex.c 0x00000000   Number         0  stm32f0xx_hal_adc_ex.o ABSOLUTE
    ..\\..\\fwlib\\STM32F0xx_HAL_Driver\\Src\\stm32f0xx_hal_can.c 0x00000000   Number         0  stm32f0xx_hal_can.o ABSOLUTE
    ..\\..\\fwlib\\STM32F0xx_HAL_Driver\\Src\\stm32f0xx_hal_cec.c 0x00000000   Number         0  stm32f0xx_hal_cec.o ABSOLUTE
    ..\\..\\fwlib\\STM32F0xx_HAL_Driver\\Src\\stm32f0xx_hal_comp.c 0x00000000   Number         0  stm32f0xx_hal_comp.o ABSOLUTE
    ..\\..\\fwlib\\STM32F0xx_HAL_Driver\\Src\\stm32f0xx_hal_cortex.c 0x00000000   Number         0  stm32f0xx_hal_cortex.o ABSOLUTE
    ..\\..\\fwlib\\STM32F0xx_HAL_Driver\\Src\\stm32f0xx_hal_crc.c 0x00000000   Number         0  stm32f0xx_hal_crc.o ABSOLUTE
    ..\\..\\fwlib\\STM32F0xx_HAL_Driver\\Src\\stm32f0xx_hal_crc_ex.c 0x00000000   Number         0  stm32f0xx_hal_crc_ex.o ABSOLUTE
    ..\\..\\fwlib\\STM32F0xx_HAL_Driver\\Src\\stm32f0xx_hal_dac.c 0x00000000   Number         0  stm32f0xx_hal_dac.o ABSOLUTE
    ..\\..\\fwlib\\STM32F0xx_HAL_Driver\\Src\\stm32f0xx_hal_dac_ex.c 0x00000000   Number         0  stm32f0xx_hal_dac_ex.o ABSOLUTE
    ..\\..\\fwlib\\STM32F0xx_HAL_Driver\\Src\\stm32f0xx_hal_dma.c 0x00000000   Number         0  stm32f0xx_hal_dma.o ABSOLUTE
    ..\\..\\fwlib\\STM32F0xx_HAL_Driver\\Src\\stm32f0xx_hal_flash.c 0x00000000   Number         0  stm32f0xx_hal_flash.o ABSOLUTE
    ..\\..\\fwlib\\STM32F0xx_HAL_Driver\\Src\\stm32f0xx_hal_flash_ex.c 0x00000000   Number         0  stm32f0xx_hal_flash_ex.o ABSOLUTE
    ..\\..\\fwlib\\STM32F0xx_HAL_Driver\\Src\\stm32f0xx_hal_gpio.c 0x00000000   Number         0  stm32f0xx_hal_gpio.o ABSOLUTE
    ..\\..\\fwlib\\STM32F0xx_HAL_Driver\\Src\\stm32f0xx_hal_i2c.c 0x00000000   Number         0  stm32f0xx_hal_i2c.o ABSOLUTE
    ..\\..\\fwlib\\STM32F0xx_HAL_Driver\\Src\\stm32f0xx_hal_i2c_ex.c 0x00000000   Number         0  stm32f0xx_hal_i2c_ex.o ABSOLUTE
    ..\\..\\fwlib\\STM32F0xx_HAL_Driver\\Src\\stm32f0xx_hal_i2s.c 0x00000000   Number         0  stm32f0xx_hal_i2s.o ABSOLUTE
    ..\\..\\fwlib\\STM32F0xx_HAL_Driver\\Src\\stm32f0xx_hal_irda.c 0x00000000   Number         0  stm32f0xx_hal_irda.o ABSOLUTE
    ..\\..\\fwlib\\STM32F0xx_HAL_Driver\\Src\\stm32f0xx_hal_iwdg.c 0x00000000   Number         0  stm32f0xx_hal_iwdg.o ABSOLUTE
    ..\\..\\fwlib\\STM32F0xx_HAL_Driver\\Src\\stm32f0xx_hal_pcd.c 0x00000000   Number         0  stm32f0xx_hal_pcd.o ABSOLUTE
    ..\\..\\fwlib\\STM32F0xx_HAL_Driver\\Src\\stm32f0xx_hal_pcd_ex.c 0x00000000   Number         0  stm32f0xx_hal_pcd_ex.o ABSOLUTE
    ..\\..\\fwlib\\STM32F0xx_HAL_Driver\\Src\\stm32f0xx_hal_pwr.c 0x00000000   Number         0  stm32f0xx_hal_pwr.o ABSOLUTE
    ..\\..\\fwlib\\STM32F0xx_HAL_Driver\\Src\\stm32f0xx_hal_pwr_ex.c 0x00000000   Number         0  stm32f0xx_hal_pwr_ex.o ABSOLUTE
    ..\\..\\fwlib\\STM32F0xx_HAL_Driver\\Src\\stm32f0xx_hal_rcc.c 0x00000000   Number         0  stm32f0xx_hal_rcc.o ABSOLUTE
    ..\\..\\fwlib\\STM32F0xx_HAL_Driver\\Src\\stm32f0xx_hal_rcc_ex.c 0x00000000   Number         0  stm32f0xx_hal_rcc_ex.o ABSOLUTE
    ..\\..\\fwlib\\STM32F0xx_HAL_Driver\\Src\\stm32f0xx_hal_rtc.c 0x00000000   Number         0  stm32f0xx_hal_rtc.o ABSOLUTE
    ..\\..\\fwlib\\STM32F0xx_HAL_Driver\\Src\\stm32f0xx_hal_rtc_ex.c 0x00000000   Number         0  stm32f0xx_hal_rtc_ex.o ABSOLUTE
    ..\\..\\fwlib\\STM32F0xx_HAL_Driver\\Src\\stm32f0xx_hal_smartcard.c 0x00000000   Number         0  stm32f0xx_hal_smartcard.o ABSOLUTE
    ..\\..\\fwlib\\STM32F0xx_HAL_Driver\\Src\\stm32f0xx_hal_smartcard_ex.c 0x00000000   Number         0  stm32f0xx_hal_smartcard_ex.o ABSOLUTE
    ..\\..\\fwlib\\STM32F0xx_HAL_Driver\\Src\\stm32f0xx_hal_smbus.c 0x00000000   Number         0  stm32f0xx_hal_smbus.o ABSOLUTE
    ..\\..\\fwlib\\STM32F0xx_HAL_Driver\\Src\\stm32f0xx_hal_spi.c 0x00000000   Number         0  stm32f0xx_hal_spi.o ABSOLUTE
    ..\\..\\fwlib\\STM32F0xx_HAL_Driver\\Src\\stm32f0xx_hal_spi_ex.c 0x00000000   Number         0  stm32f0xx_hal_spi_ex.o ABSOLUTE
    ..\\..\\fwlib\\STM32F0xx_HAL_Driver\\Src\\stm32f0xx_hal_tim.c 0x00000000   Number         0  stm32f0xx_hal_tim.o ABSOLUTE
    ..\\..\\fwlib\\STM32F0xx_HAL_Driver\\Src\\stm32f0xx_hal_tim_ex.c 0x00000000   Number         0  stm32f0xx_hal_tim_ex.o ABSOLUTE
    ..\\..\\fwlib\\STM32F0xx_HAL_Driver\\Src\\stm32f0xx_hal_tsc.c 0x00000000   Number         0  stm32f0xx_hal_tsc.o ABSOLUTE
    ..\\..\\fwlib\\STM32F0xx_HAL_Driver\\Src\\stm32f0xx_hal_uart.c 0x00000000   Number         0  stm32f0xx_hal_uart.o ABSOLUTE
    ..\\..\\fwlib\\STM32F0xx_HAL_Driver\\Src\\stm32f0xx_hal_uart_ex.c 0x00000000   Number         0  stm32f0xx_hal_uart_ex.o ABSOLUTE
    ..\\..\\fwlib\\STM32F0xx_HAL_Driver\\Src\\stm32f0xx_hal_usart.c 0x00000000   Number         0  stm32f0xx_hal_usart.o ABSOLUTE
    ..\\..\\fwlib\\STM32F0xx_HAL_Driver\\Src\\stm32f0xx_hal_wwdg.c 0x00000000   Number         0  stm32f0xx_hal_wwdg.o ABSOLUTE
    ..\\..\\user\\led.c                      0x00000000   Number         0  led.o ABSOLUTE
    ..\\..\\user\\main.c                     0x00000000   Number         0  main.o ABSOLUTE
    ..\\..\\user\\printf.c                   0x00000000   Number         0  printf.o ABSOLUTE
    dc.s                                     0x00000000   Number         0  dc.o ABSOLUTE
    handlers.s                               0x00000000   Number         0  handlers.o ABSOLUTE
    init.s                                   0x00000000   Number         0  init.o ABSOLUTE
    RESET                                    0x08000000   Section      188  startup_stm32f051x8.o(RESET)
    .ARM.Collect$$$$00000000                 0x080000bc   Section        0  entry.o(.ARM.Collect$$$$00000000)
    .ARM.Collect$$$$00000001                 0x080000bc   Section        4  entry2.o(.ARM.Collect$$$$00000001)
    .ARM.Collect$$$$00000004                 0x080000c0   Section        4  entry5.o(.ARM.Collect$$$$00000004)
    .ARM.Collect$$$$00000008                 0x080000c4   Section        0  entry7b.o(.ARM.Collect$$$$00000008)
    .ARM.Collect$$$$0000000A                 0x080000c4   Section        0  entry8b.o(.ARM.Collect$$$$0000000A)
    .ARM.Collect$$$$0000000B                 0x080000c4   Section        8  entry9a.o(.ARM.Collect$$$$0000000B)
    .ARM.Collect$$$$0000000D                 0x080000cc   Section        0  entry10a.o(.ARM.Collect$$$$0000000D)
    .ARM.Collect$$$$0000000F                 0x080000cc   Section        0  entry11a.o(.ARM.Collect$$$$0000000F)
    .ARM.Collect$$$$00002712                 0x080000cc   Section        4  entry2.o(.ARM.Collect$$$$00002712)
    __lit__00000000                          0x080000cc   Data           4  entry2.o(.ARM.Collect$$$$00002712)
    .text                                    0x080000d0   Section       28  startup_stm32f051x8.o(.text)
    .text                                    0x080000ec   Section        0  uidiv.o(.text)
    .text                                    0x08000118   Section        0  memseta.o(.text)
    .text                                    0x0800013c   Section       36  init.o(.text)
    i.HAL_DMA_Abort_IT                       0x08000160   Section        0  stm32f0xx_hal_dma.o(i.HAL_DMA_Abort_IT)
    i.HAL_GPIO_Init                          0x080001b8   Section        0  stm32f0xx_hal_gpio.o(i.HAL_GPIO_Init)
    i.HAL_GPIO_TogglePin                     0x080003a8   Section        0  stm32f0xx_hal_gpio.o(i.HAL_GPIO_TogglePin)
    i.HAL_GPIO_WritePin                      0x080003b0   Section        0  stm32f0xx_hal_gpio.o(i.HAL_GPIO_WritePin)
    i.HAL_GetTick                            0x080003bc   Section        0  stm32f0xx_hal.o(i.HAL_GetTick)
    i.HAL_I2CEx_ConfigAnalogFilter           0x080003c8   Section        0  stm32f0xx_hal_i2c_ex.o(i.HAL_I2CEx_ConfigAnalogFilter)
    i.HAL_I2CEx_ConfigDigitalFilter          0x08000436   Section        0  stm32f0xx_hal_i2c_ex.o(i.HAL_I2CEx_ConfigDigitalFilter)
    i.HAL_I2C_AbortCpltCallback              0x080004a8   Section        0  stm32f0xx_hal_i2c.o(i.HAL_I2C_AbortCpltCallback)
    i.HAL_I2C_AddrCallback                   0x080004aa   Section        0  stm32f0xx_hal_i2c.o(i.HAL_I2C_AddrCallback)
    i.HAL_I2C_ER_IRQHandler                  0x080004ac   Section        0  stm32f0xx_hal_i2c.o(i.HAL_I2C_ER_IRQHandler)
    i.HAL_I2C_ErrorCallback                  0x0800052c   Section        0  hal_iic.o(i.HAL_I2C_ErrorCallback)
    i.HAL_I2C_Init                           0x08000564   Section        0  stm32f0xx_hal_i2c.o(i.HAL_I2C_Init)
    i.HAL_I2C_ListenCpltCallback             0x08000638   Section        0  stm32f0xx_hal_i2c.o(i.HAL_I2C_ListenCpltCallback)
    i.HAL_I2C_MspInit                        0x0800063a   Section        0  stm32f0xx_hal_i2c.o(i.HAL_I2C_MspInit)
    i.HAL_I2C_SlaveRxCpltCallback            0x0800063c   Section        0  stm32f0xx_hal_i2c.o(i.HAL_I2C_SlaveRxCpltCallback)
    i.HAL_I2C_SlaveTxCpltCallback            0x0800063e   Section        0  stm32f0xx_hal_i2c.o(i.HAL_I2C_SlaveTxCpltCallback)
    i.HAL_IncTick                            0x08000640   Section        0  stm32f0xx_hal.o(i.HAL_IncTick)
    i.HAL_Init                               0x08000650   Section        0  stm32f0xx_hal.o(i.HAL_Init)
    i.HAL_InitTick                           0x08000670   Section        0  stm32f0xx_hal.o(i.HAL_InitTick)
    i.HAL_MspInit                            0x08000696   Section        0  stm32f0xx_hal.o(i.HAL_MspInit)
    i.HAL_NVIC_EnableIRQ                     0x08000698   Section        0  stm32f0xx_hal_cortex.o(i.HAL_NVIC_EnableIRQ)
    i.HAL_NVIC_SetPriority                   0x080006b0   Section        0  stm32f0xx_hal_cortex.o(i.HAL_NVIC_SetPriority)
    i.HAL_RCCEx_PeriphCLKConfig              0x080006c4   Section        0  stm32f0xx_hal_rcc_ex.o(i.HAL_RCCEx_PeriphCLKConfig)
    i.HAL_RCC_ClockConfig                    0x08000830   Section        0  stm32f0xx_hal_rcc.o(i.HAL_RCC_ClockConfig)
    i.HAL_RCC_GetHCLKFreq                    0x080009c4   Section        0  stm32f0xx_hal_rcc.o(i.HAL_RCC_GetHCLKFreq)
    i.HAL_RCC_GetPCLK1Freq                   0x080009d0   Section        0  stm32f0xx_hal_rcc.o(i.HAL_RCC_GetPCLK1Freq)
    i.HAL_RCC_GetSysClockFreq                0x080009f4   Section        0  stm32f0xx_hal_rcc.o(i.HAL_RCC_GetSysClockFreq)
    i.HAL_RCC_OscConfig                      0x08000ab8   Section        0  stm32f0xx_hal_rcc.o(i.HAL_RCC_OscConfig)
    i.HAL_SYSTICK_Config                     0x08001004   Section        0  stm32f0xx_hal_cortex.o(i.HAL_SYSTICK_Config)
    i.HAL_TIM_Base_Init                      0x0800103c   Section        0  stm32f0xx_hal_tim.o(i.HAL_TIM_Base_Init)
    i.HAL_TIM_Base_MspInit                   0x08001074   Section        0  stm32f0xx_hal_tim.o(i.HAL_TIM_Base_MspInit)
    i.HAL_UART_Init                          0x08001076   Section        0  stm32f0xx_hal_uart.o(i.HAL_UART_Init)
    i.HAL_UART_MspInit                       0x080010f8   Section        0  stm32f0xx_hal_uart.o(i.HAL_UART_MspInit)
    i.HardFault_Handler                      0x080010fa   Section        0  hal_mcu.o(i.HardFault_Handler)
    i.I2C1_IRQHandler                        0x08001104   Section        0  hal_iic.o(i.I2C1_IRQHandler)
    i.I2C_DMAAbort                           0x0800112c   Section        0  stm32f0xx_hal_i2c.o(i.I2C_DMAAbort)
    I2C_DMAAbort                             0x0800112d   Thumb Code    60  stm32f0xx_hal_i2c.o(i.I2C_DMAAbort)
    i.I2C_Disable_IRQ                        0x08001168   Section        0  stm32f0xx_hal_i2c.o(i.I2C_Disable_IRQ)
    I2C_Disable_IRQ                          0x08001169   Thumb Code   126  stm32f0xx_hal_i2c.o(i.I2C_Disable_IRQ)
    i.I2C_EV_IRQHandler                      0x080011e8   Section        0  hal_iic.o(i.I2C_EV_IRQHandler)
    i.I2C_Flush_TXDR                         0x08001260   Section        0  stm32f0xx_hal_i2c.o(i.I2C_Flush_TXDR)
    I2C_Flush_TXDR                           0x08001261   Thumb Code    50  stm32f0xx_hal_i2c.o(i.I2C_Flush_TXDR)
    i.I2C_ITAddrCplt                         0x08001292   Section        0  stm32f0xx_hal_i2c.o(i.I2C_ITAddrCplt)
    I2C_ITAddrCplt                           0x08001293   Thumb Code   214  stm32f0xx_hal_i2c.o(i.I2C_ITAddrCplt)
    i.I2C_ITError                            0x08001368   Section        0  stm32f0xx_hal_i2c.o(i.I2C_ITError)
    I2C_ITError                              0x08001369   Thumb Code   268  stm32f0xx_hal_i2c.o(i.I2C_ITError)
    i.I2C_ITListenCplt                       0x08001480   Section        0  stm32f0xx_hal_i2c.o(i.I2C_ITListenCplt)
    I2C_ITListenCplt                         0x08001481   Thumb Code   110  stm32f0xx_hal_i2c.o(i.I2C_ITListenCplt)
    i.I2C_ITSlaveCplt                        0x080014f4   Section        0  stm32f0xx_hal_i2c.o(i.I2C_ITSlaveCplt)
    I2C_ITSlaveCplt                          0x080014f5   Thumb Code   308  stm32f0xx_hal_i2c.o(i.I2C_ITSlaveCplt)
    i.I2C_ITSlaveSequentialCplt              0x08001630   Section        0  stm32f0xx_hal_i2c.o(i.I2C_ITSlaveSequentialCplt)
    I2C_ITSlaveSequentialCplt                0x08001631   Thumb Code    98  stm32f0xx_hal_i2c.o(i.I2C_ITSlaveSequentialCplt)
    i.I2C_Slave_ISR_IT                       0x08001694   Section        0  stm32f0xx_hal_i2c.o(i.I2C_Slave_ISR_IT)
    I2C_Slave_ISR_IT                         0x08001695   Thumb Code   348  stm32f0xx_hal_i2c.o(i.I2C_Slave_ISR_IT)
    i.NMI_Handler                            0x080017f4   Section        0  hal_mcu.o(i.NMI_Handler)
    i.NVIC_SetPriority                       0x080017f8   Section        0  stm32f0xx_hal_cortex.o(i.NVIC_SetPriority)
    NVIC_SetPriority                         0x080017f9   Thumb Code   110  stm32f0xx_hal_cortex.o(i.NVIC_SetPriority)
    i.PendSV_Handler                         0x08001870   Section        0  hal_mcu.o(i.PendSV_Handler)
    i.SVC_Handler                            0x08001872   Section        0  hal_mcu.o(i.SVC_Handler)
    i.SysTick_Handler                        0x08001874   Section        0  hal_mcu.o(i.SysTick_Handler)
    i.SystemInit                             0x08001890   Section        0  system_stm32f0xx.o(i.SystemInit)
    i.TIM6_DAC_IRQHandler                    0x08001904   Section        0  hal_timer.o(i.TIM6_DAC_IRQHandler)
    i.TIM_Base_SetConfig                     0x08001950   Section        0  stm32f0xx_hal_tim.o(i.TIM_Base_SetConfig)
    i.UART_AdvFeatureConfig                  0x08001a00   Section        0  stm32f0xx_hal_uart.o(i.UART_AdvFeatureConfig)
    i.UART_CheckIdleState                    0x08001af0   Section        0  stm32f0xx_hal_uart.o(i.UART_CheckIdleState)
    i.UART_SetConfig                         0x08001b70   Section        0  stm32f0xx_hal_uart.o(i.UART_SetConfig)
    i.UART_WaitOnFlagUntilTimeout            0x08001d54   Section        0  stm32f0xx_hal_uart.o(i.UART_WaitOnFlagUntilTimeout)
    i.__scatterload_copy                     0x08001dc4   Section       14  handlers.o(i.__scatterload_copy)
    i.__scatterload_null                     0x08001dd2   Section        2  handlers.o(i.__scatterload_null)
    i.__scatterload_zeroinit                 0x08001dd4   Section       14  handlers.o(i.__scatterload_zeroinit)
    i.hal_clk_init                           0x08001de2   Section        0  hal_clk.o(i.hal_clk_init)
    i.hal_gpio_ctrl                          0x08001e54   Section        0  hal_gpio.o(i.hal_gpio_ctrl)
    i.hal_gpio_init                          0x08001eac   Section        0  hal_gpio.o(i.hal_gpio_init)
    i.hal_gpio_write                         0x08001f7c   Section        0  hal_gpio.o(i.hal_gpio_write)
    i.hal_i2c_addr_cplt                      0x08001fe0   Section        0  hal_iic.o(i.hal_i2c_addr_cplt)
    i.hal_i2c_slave_nack_cplt                0x08002058   Section        0  hal_iic.o(i.hal_i2c_slave_nack_cplt)
    i.hal_i2c_slave_rx_cplt                  0x08002070   Section        0  hal_iic.o(i.hal_i2c_slave_rx_cplt)
    i.hal_i2c_slave_stop_cplt                0x080020b4   Section        0  hal_iic.o(i.hal_i2c_slave_stop_cplt)
    i.hal_i2c_slave_transmit_cplt            0x080020e0   Section        0  hal_iic.o(i.hal_i2c_slave_transmit_cplt)
    i.hal_iic_init                           0x0800211c   Section        0  hal_iic.o(i.hal_iic_init)
    i.hal_mcu_init                           0x080021a8   Section        0  hal_mcu.o(i.hal_mcu_init)
    i.hal_mcu_reset                          0x080021ca   Section        0  hal_mcu.o(i.hal_mcu_reset)
    i.hal_timer6_init                        0x080021cc   Section        0  hal_timer.o(i.hal_timer6_init)
    i.hal_timer6_update_callback_register    0x08002270   Section        0  hal_timer.o(i.hal_timer6_update_callback_register)
    i.hal_uart1_init                         0x080022a4   Section        0  hal_uart.o(i.hal_uart1_init)
    i.hw_led1_off                            0x08002314   Section        0  led.o(i.hw_led1_off)
    hw_led1_off                              0x08002315   Thumb Code     8  led.o(i.hw_led1_off)
    i.hw_led1_on                             0x0800231c   Section        0  led.o(i.hw_led1_on)
    hw_led1_on                               0x0800231d   Thumb Code    88  led.o(i.hw_led1_on)
    i.hw_led2_off                            0x08002374   Section        0  led.o(i.hw_led2_off)
    hw_led2_off                              0x08002375   Thumb Code     8  led.o(i.hw_led2_off)
    i.hw_led2_on                             0x0800237c   Section        0  led.o(i.hw_led2_on)
    hw_led2_on                               0x0800237d   Thumb Code    88  led.o(i.hw_led2_on)
    i.hw_led3_off                            0x080023d4   Section        0  led.o(i.hw_led3_off)
    hw_led3_off                              0x080023d5   Thumb Code     8  led.o(i.hw_led3_off)
    i.hw_led3_on                             0x080023dc   Section        0  led.o(i.hw_led3_on)
    hw_led3_on                               0x080023dd   Thumb Code    88  led.o(i.hw_led3_on)
    i.hw_led4_off                            0x08002434   Section        0  led.o(i.hw_led4_off)
    hw_led4_off                              0x08002435   Thumb Code     8  led.o(i.hw_led4_off)
    i.hw_led4_on                             0x0800243c   Section        0  led.o(i.hw_led4_on)
    hw_led4_on                               0x0800243d   Thumb Code    88  led.o(i.hw_led4_on)
    i.hw_led_all_off                         0x08002494   Section        0  led.o(i.hw_led_all_off)
    hw_led_all_off                           0x08002495   Thumb Code    68  led.o(i.hw_led_all_off)
    i.led_init                               0x080024d8   Section        0  led.o(i.led_init)
    i.led_on_off_scan                        0x080024fc   Section        0  led.o(i.led_on_off_scan)
    led_on_off_scan                          0x080024fd   Thumb Code   114  led.o(i.led_on_off_scan)
    i.main                                   0x08002580   Section        0  main.o(i.main)
    i.printf_init                            0x0800259c   Section        0  printf.o(i.printf_init)
    .constdata                               0x080025bc   Section      180  hal_gpio.o(.constdata)
    gpioConfigArray                          0x080025bc   Data         180  hal_gpio.o(.constdata)
    .constdata                               0x08002670   Section       24  system_stm32f0xx.o(.constdata)
    .data                                    0x20000000   Section        4  stm32f0xx_hal.o(.data)
    .data                                    0x20000004   Section        4  hal_mcu.o(.data)
    sysTickCallFunc                          0x20000004   Data           4  hal_mcu.o(.data)
    .data                                    0x20000008   Section        1  hal_timer.o(.data)
    callNum                                  0x20000008   Data           1  hal_timer.o(.data)
    .data                                    0x20000009   Section       22  hal_iic.o(.data)
    .data                                    0x20000020   Section       72  led.o(.data)
    allLedStatus                             0x20000020   Data           2  led.o(.data)
    ledOnOffArray                            0x20000024   Data          64  led.o(.data)
    time                                     0x20000064   Data           1  led.o(.data)
    bitPos                                   0x20000066   Data           2  led.o(.data)
    .data                                    0x20000068   Section        4  system_stm32f0xx.o(.data)
    .bss                                     0x2000006c   Section       76  hal_timer.o(.bss)
    htim6                                    0x2000006c   Data          64  hal_timer.o(.bss)
    timer6UpdateCallBackArray                0x200000ac   Data          12  hal_timer.o(.bss)
    .bss                                     0x200000b8   Section      112  hal_uart.o(.bss)
    huart1                                   0x200000b8   Data         112  hal_uart.o(.bss)
    .bss                                     0x20000128   Section       96  hal_iic.o(.bss)
    hi2c1                                    0x20000128   Data          76  hal_iic.o(.bss)
    .bss                                     0x20000188   Section      276  printf.o(.bss)
    txRingBuffObj                            0x20000188   Data          20  printf.o(.bss)
    txBuff                                   0x2000019c   Data         256  printf.o(.bss)
    STACK                                    0x200002a0   Section     1024  startup_stm32f051x8.o(STACK)

    Global Symbols

    Symbol Name                              Value     Ov Type        Size  Object(Section)

    BuildAttributes$$THM_ISAv3M$S$PE$A:L22$X:L11$S22$IEEE1$IW$USESV6$~STKCKD$USESV7$~SHL$OSPACE$EBA8$MICROLIB$REQ8$PRES8$EABIv2 0x00000000   Number         0  anon$$obj.o ABSOLUTE
    __ARM_use_no_argv                        0x00000000   Number         0  main.o ABSOLUTE
    __cpp_initialize__aeabi_                  - Undefined Weak Reference
    __cxa_finalize                            - Undefined Weak Reference
    __decompress                              - Undefined Weak Reference
    _clock_init                               - Undefined Weak Reference
    _microlib_exit                            - Undefined Weak Reference
    __Vectors_Size                           0x000000bc   Number         0  startup_stm32f051x8.o ABSOLUTE
    __Vectors                                0x08000000   Data           4  startup_stm32f051x8.o(RESET)
    __Vectors_End                            0x080000bc   Data           0  startup_stm32f051x8.o(RESET)
    __main                                   0x080000bd   Thumb Code     0  entry.o(.ARM.Collect$$$$00000000)
    _main_stk                                0x080000bd   Thumb Code     0  entry2.o(.ARM.Collect$$$$00000001)
    _main_scatterload                        0x080000c1   Thumb Code     0  entry5.o(.ARM.Collect$$$$00000004)
    __main_after_scatterload                 0x080000c5   Thumb Code     0  entry5.o(.ARM.Collect$$$$00000004)
    _main_clock                              0x080000c5   Thumb Code     0  entry7b.o(.ARM.Collect$$$$00000008)
    _main_cpp_init                           0x080000c5   Thumb Code     0  entry8b.o(.ARM.Collect$$$$0000000A)
    _main_init                               0x080000c5   Thumb Code     0  entry9a.o(.ARM.Collect$$$$0000000B)
    __rt_final_cpp                           0x080000cd   Thumb Code     0  entry10a.o(.ARM.Collect$$$$0000000D)
    __rt_final_exit                          0x080000cd   Thumb Code     0  entry11a.o(.ARM.Collect$$$$0000000F)
    Reset_Handler                            0x080000d1   Thumb Code     8  startup_stm32f051x8.o(.text)
    ADC1_COMP_IRQHandler                     0x080000e3   Thumb Code     0  startup_stm32f051x8.o(.text)
    CEC_IRQHandler                           0x080000e3   Thumb Code     0  startup_stm32f051x8.o(.text)
    DMA1_Channel1_IRQHandler                 0x080000e3   Thumb Code     0  startup_stm32f051x8.o(.text)
    DMA1_Channel2_3_IRQHandler               0x080000e3   Thumb Code     0  startup_stm32f051x8.o(.text)
    DMA1_Channel4_5_IRQHandler               0x080000e3   Thumb Code     0  startup_stm32f051x8.o(.text)
    EXTI0_1_IRQHandler                       0x080000e3   Thumb Code     0  startup_stm32f051x8.o(.text)
    EXTI2_3_IRQHandler                       0x080000e3   Thumb Code     0  startup_stm32f051x8.o(.text)
    EXTI4_15_IRQHandler                      0x080000e3   Thumb Code     0  startup_stm32f051x8.o(.text)
    FLASH_IRQHandler                         0x080000e3   Thumb Code     0  startup_stm32f051x8.o(.text)
    I2C2_IRQHandler                          0x080000e3   Thumb Code     0  startup_stm32f051x8.o(.text)
    PVD_IRQHandler                           0x080000e3   Thumb Code     0  startup_stm32f051x8.o(.text)
    RCC_IRQHandler                           0x080000e3   Thumb Code     0  startup_stm32f051x8.o(.text)
    RTC_IRQHandler                           0x080000e3   Thumb Code     0  startup_stm32f051x8.o(.text)
    SPI1_IRQHandler                          0x080000e3   Thumb Code     0  startup_stm32f051x8.o(.text)
    SPI2_IRQHandler                          0x080000e3   Thumb Code     0  startup_stm32f051x8.o(.text)
    TIM14_IRQHandler                         0x080000e3   Thumb Code     0  startup_stm32f051x8.o(.text)
    TIM15_IRQHandler                         0x080000e3   Thumb Code     0  startup_stm32f051x8.o(.text)
    TIM16_IRQHandler                         0x080000e3   Thumb Code     0  startup_stm32f051x8.o(.text)
    TIM17_IRQHandler                         0x080000e3   Thumb Code     0  startup_stm32f051x8.o(.text)
    TIM1_BRK_UP_TRG_COM_IRQHandler           0x080000e3   Thumb Code     0  startup_stm32f051x8.o(.text)
    TIM1_CC_IRQHandler                       0x080000e3   Thumb Code     0  startup_stm32f051x8.o(.text)
    TIM2_IRQHandler                          0x080000e3   Thumb Code     0  startup_stm32f051x8.o(.text)
    TIM3_IRQHandler                          0x080000e3   Thumb Code     0  startup_stm32f051x8.o(.text)
    TSC_IRQHandler                           0x080000e3   Thumb Code     0  startup_stm32f051x8.o(.text)
    USART1_IRQHandler                        0x080000e3   Thumb Code     0  startup_stm32f051x8.o(.text)
    USART2_IRQHandler                        0x080000e3   Thumb Code     0  startup_stm32f051x8.o(.text)
    WWDG_IRQHandler                          0x080000e3   Thumb Code     0  startup_stm32f051x8.o(.text)
    __aeabi_uidiv                            0x080000ed   Thumb Code     0  uidiv.o(.text)
    __aeabi_uidivmod                         0x080000ed   Thumb Code    44  uidiv.o(.text)
    __aeabi_memset                           0x08000119   Thumb Code    14  memseta.o(.text)
    __aeabi_memset4                          0x08000119   Thumb Code     0  memseta.o(.text)
    __aeabi_memset8                          0x08000119   Thumb Code     0  memseta.o(.text)
    __aeabi_memclr                           0x08000127   Thumb Code     4  memseta.o(.text)
    __aeabi_memclr4                          0x08000127   Thumb Code     0  memseta.o(.text)
    __aeabi_memclr8                          0x08000127   Thumb Code     0  memseta.o(.text)
    _memset$wrapper                          0x0800012b   Thumb Code    18  memseta.o(.text)
    __scatterload                            0x0800013d   Thumb Code    28  init.o(.text)
    __scatterload_rt2                        0x0800013d   Thumb Code     0  init.o(.text)
    HAL_DMA_Abort_IT                         0x08000161   Thumb Code    88  stm32f0xx_hal_dma.o(i.HAL_DMA_Abort_IT)
    HAL_GPIO_Init                            0x080001b9   Thumb Code   470  stm32f0xx_hal_gpio.o(i.HAL_GPIO_Init)
    HAL_GPIO_TogglePin                       0x080003a9   Thumb Code     8  stm32f0xx_hal_gpio.o(i.HAL_GPIO_TogglePin)
    HAL_GPIO_WritePin                        0x080003b1   Thumb Code    12  stm32f0xx_hal_gpio.o(i.HAL_GPIO_WritePin)
    HAL_GetTick                              0x080003bd   Thumb Code     6  stm32f0xx_hal.o(i.HAL_GetTick)
    HAL_I2CEx_ConfigAnalogFilter             0x080003c9   Thumb Code   110  stm32f0xx_hal_i2c_ex.o(i.HAL_I2CEx_ConfigAnalogFilter)
    HAL_I2CEx_ConfigDigitalFilter            0x08000437   Thumb Code   114  stm32f0xx_hal_i2c_ex.o(i.HAL_I2CEx_ConfigDigitalFilter)
    HAL_I2C_AbortCpltCallback                0x080004a9   Thumb Code     2  stm32f0xx_hal_i2c.o(i.HAL_I2C_AbortCpltCallback)
    HAL_I2C_AddrCallback                     0x080004ab   Thumb Code     2  stm32f0xx_hal_i2c.o(i.HAL_I2C_AddrCallback)
    HAL_I2C_ER_IRQHandler                    0x080004ad   Thumb Code   128  stm32f0xx_hal_i2c.o(i.HAL_I2C_ER_IRQHandler)
    HAL_I2C_ErrorCallback                    0x0800052d   Thumb Code    50  hal_iic.o(i.HAL_I2C_ErrorCallback)
    HAL_I2C_Init                             0x08000565   Thumb Code   208  stm32f0xx_hal_i2c.o(i.HAL_I2C_Init)
    HAL_I2C_ListenCpltCallback               0x08000639   Thumb Code     2  stm32f0xx_hal_i2c.o(i.HAL_I2C_ListenCpltCallback)
    HAL_I2C_MspInit                          0x0800063b   Thumb Code     2  stm32f0xx_hal_i2c.o(i.HAL_I2C_MspInit)
    HAL_I2C_SlaveRxCpltCallback              0x0800063d   Thumb Code     2  stm32f0xx_hal_i2c.o(i.HAL_I2C_SlaveRxCpltCallback)
    HAL_I2C_SlaveTxCpltCallback              0x0800063f   Thumb Code     2  stm32f0xx_hal_i2c.o(i.HAL_I2C_SlaveTxCpltCallback)
    HAL_IncTick                              0x08000641   Thumb Code    12  stm32f0xx_hal.o(i.HAL_IncTick)
    HAL_Init                                 0x08000651   Thumb Code    28  stm32f0xx_hal.o(i.HAL_Init)
    HAL_InitTick                             0x08000671   Thumb Code    38  stm32f0xx_hal.o(i.HAL_InitTick)
    HAL_MspInit                              0x08000697   Thumb Code     2  stm32f0xx_hal.o(i.HAL_MspInit)
    HAL_NVIC_EnableIRQ                       0x08000699   Thumb Code    18  stm32f0xx_hal_cortex.o(i.HAL_NVIC_EnableIRQ)
    HAL_NVIC_SetPriority                     0x080006b1   Thumb Code    18  stm32f0xx_hal_cortex.o(i.HAL_NVIC_SetPriority)
    HAL_RCCEx_PeriphCLKConfig                0x080006c5   Thumb Code   350  stm32f0xx_hal_rcc_ex.o(i.HAL_RCCEx_PeriphCLKConfig)
    HAL_RCC_ClockConfig                      0x08000831   Thumb Code   382  stm32f0xx_hal_rcc.o(i.HAL_RCC_ClockConfig)
    HAL_RCC_GetHCLKFreq                      0x080009c5   Thumb Code     6  stm32f0xx_hal_rcc.o(i.HAL_RCC_GetHCLKFreq)
    HAL_RCC_GetPCLK1Freq                     0x080009d1   Thumb Code    26  stm32f0xx_hal_rcc.o(i.HAL_RCC_GetPCLK1Freq)
    HAL_RCC_GetSysClockFreq                  0x080009f5   Thumb Code   150  stm32f0xx_hal_rcc.o(i.HAL_RCC_GetSysClockFreq)
    HAL_RCC_OscConfig                        0x08000ab9   Thumb Code  1352  stm32f0xx_hal_rcc.o(i.HAL_RCC_OscConfig)
    HAL_SYSTICK_Config                       0x08001005   Thumb Code    46  stm32f0xx_hal_cortex.o(i.HAL_SYSTICK_Config)
    HAL_TIM_Base_Init                        0x0800103d   Thumb Code    56  stm32f0xx_hal_tim.o(i.HAL_TIM_Base_Init)
    HAL_TIM_Base_MspInit                     0x08001075   Thumb Code     2  stm32f0xx_hal_tim.o(i.HAL_TIM_Base_MspInit)
    HAL_UART_Init                            0x08001077   Thumb Code   130  stm32f0xx_hal_uart.o(i.HAL_UART_Init)
    HAL_UART_MspInit                         0x080010f9   Thumb Code     2  stm32f0xx_hal_uart.o(i.HAL_UART_MspInit)
    HardFault_Handler                        0x080010fb   Thumb Code     8  hal_mcu.o(i.HardFault_Handler)
    I2C1_IRQHandler                          0x08001105   Thumb Code    34  hal_iic.o(i.I2C1_IRQHandler)
    I2C_EV_IRQHandler                        0x080011e9   Thumb Code   116  hal_iic.o(i.I2C_EV_IRQHandler)
    NMI_Handler                              0x080017f5   Thumb Code     2  hal_mcu.o(i.NMI_Handler)
    PendSV_Handler                           0x08001871   Thumb Code     2  hal_mcu.o(i.PendSV_Handler)
    SVC_Handler                              0x08001873   Thumb Code     2  hal_mcu.o(i.SVC_Handler)
    SysTick_Handler                          0x08001875   Thumb Code    22  hal_mcu.o(i.SysTick_Handler)
    SystemInit                               0x08001891   Thumb Code   104  system_stm32f0xx.o(i.SystemInit)
    TIM6_DAC_IRQHandler                      0x08001905   Thumb Code    66  hal_timer.o(i.TIM6_DAC_IRQHandler)
    TIM_Base_SetConfig                       0x08001951   Thumb Code   152  stm32f0xx_hal_tim.o(i.TIM_Base_SetConfig)
    UART_AdvFeatureConfig                    0x08001a01   Thumb Code   240  stm32f0xx_hal_uart.o(i.UART_AdvFeatureConfig)
    UART_CheckIdleState                      0x08001af1   Thumb Code   120  stm32f0xx_hal_uart.o(i.UART_CheckIdleState)
    UART_SetConfig                           0x08001b71   Thumb Code   454  stm32f0xx_hal_uart.o(i.UART_SetConfig)
    UART_WaitOnFlagUntilTimeout              0x08001d55   Thumb Code   112  stm32f0xx_hal_uart.o(i.UART_WaitOnFlagUntilTimeout)
    __scatterload_copy                       0x08001dc5   Thumb Code    14  handlers.o(i.__scatterload_copy)
    __scatterload_null                       0x08001dd3   Thumb Code     2  handlers.o(i.__scatterload_null)
    __scatterload_zeroinit                   0x08001dd5   Thumb Code    14  handlers.o(i.__scatterload_zeroinit)
    hal_clk_init                             0x08001de3   Thumb Code   112  hal_clk.o(i.hal_clk_init)
    hal_gpio_ctrl                            0x08001e55   Thumb Code    82  hal_gpio.o(i.hal_gpio_ctrl)
    hal_gpio_init                            0x08001ead   Thumb Code   200  hal_gpio.o(i.hal_gpio_init)
    hal_gpio_write                           0x08001f7d   Thumb Code    94  hal_gpio.o(i.hal_gpio_write)
    hal_i2c_addr_cplt                        0x08001fe1   Thumb Code   104  hal_iic.o(i.hal_i2c_addr_cplt)
    hal_i2c_slave_nack_cplt                  0x08002059   Thumb Code    18  hal_iic.o(i.hal_i2c_slave_nack_cplt)
    hal_i2c_slave_rx_cplt                    0x08002071   Thumb Code    56  hal_iic.o(i.hal_i2c_slave_rx_cplt)
    hal_i2c_slave_stop_cplt                  0x080020b5   Thumb Code    30  hal_iic.o(i.hal_i2c_slave_stop_cplt)
    hal_i2c_slave_transmit_cplt              0x080020e1   Thumb Code    48  hal_iic.o(i.hal_i2c_slave_transmit_cplt)
    hal_iic_init                             0x0800211d   Thumb Code   124  hal_iic.o(i.hal_iic_init)
    hal_mcu_init                             0x080021a9   Thumb Code    34  hal_mcu.o(i.hal_mcu_init)
    hal_mcu_reset                            0x080021cb   Thumb Code     2  hal_mcu.o(i.hal_mcu_reset)
    hal_timer6_init                          0x080021cd   Thumb Code   144  hal_timer.o(i.hal_timer6_init)
    hal_timer6_update_callback_register      0x08002271   Thumb Code    42  hal_timer.o(i.hal_timer6_update_callback_register)
    hal_uart1_init                           0x080022a5   Thumb Code    98  hal_uart.o(i.hal_uart1_init)
    led_init                                 0x080024d9   Thumb Code    28  led.o(i.led_init)
    main                                     0x08002581   Thumb Code    28  main.o(i.main)
    printf_init                              0x0800259d   Thumb Code    22  printf.o(i.printf_init)
    AHBPrescTable                            0x08002670   Data          16  system_stm32f0xx.o(.constdata)
    APBPrescTable                            0x08002680   Data           8  system_stm32f0xx.o(.constdata)
    Region$$Table$$Base                      0x08002688   Number         0  anon$$obj.o(Region$$Table)
    Region$$Table$$Limit                     0x080026a8   Number         0  anon$$obj.o(Region$$Table)
    uwTick                                   0x20000000   Data           4  stm32f0xx_hal.o(.data)
    slaveTxBuff                              0x20000009   Data          20  hal_iic.o(.data)
    txIndex                                  0x2000001d   Data           1  hal_iic.o(.data)
    rxIndex                                  0x2000001e   Data           1  hal_iic.o(.data)
    SystemCoreClock                          0x20000068   Data           4  system_stm32f0xx.o(.data)
    slaveRxBuff                              0x20000174   Data          20  hal_iic.o(.bss)
    __initial_sp                             0x200006a0   Data           0  startup_stm32f051x8.o(STACK)



==============================================================================

Memory Map of the image

  Image Entry point : 0x080000bd

  Load Region LR_IROM1 (Base: 0x08000000, Size: 0x00002714, Max: 0x00010000, ABSOLUTE)

    Execution Region ER_IROM1 (Base: 0x08000000, Size: 0x000026a8, Max: 0x00010000, ABSOLUTE)

    Base Addr    Size         Type   Attr      Idx    E Section Name        Object

    0x08000000   0x000000bc   Data   RO         3805    RESET               startup_stm32f051x8.o
    0x080000bc   0x00000000   Code   RO         3810  * .ARM.Collect$$$$00000000  mc_p.l(entry.o)
    0x080000bc   0x00000004   Code   RO         3819    .ARM.Collect$$$$00000001  mc_p.l(entry2.o)
    0x080000c0   0x00000004   Code   RO         3822    .ARM.Collect$$$$00000004  mc_p.l(entry5.o)
    0x080000c4   0x00000000   Code   RO         3824    .ARM.Collect$$$$00000008  mc_p.l(entry7b.o)
    0x080000c4   0x00000000   Code   RO         3826    .ARM.Collect$$$$0000000A  mc_p.l(entry8b.o)
    0x080000c4   0x00000008   Code   RO         3827    .ARM.Collect$$$$0000000B  mc_p.l(entry9a.o)
    0x080000cc   0x00000000   Code   RO         3829    .ARM.Collect$$$$0000000D  mc_p.l(entry10a.o)
    0x080000cc   0x00000000   Code   RO         3831    .ARM.Collect$$$$0000000F  mc_p.l(entry11a.o)
    0x080000cc   0x00000004   Code   RO         3820    .ARM.Collect$$$$00002712  mc_p.l(entry2.o)
    0x080000d0   0x0000001c   Code   RO         3806    .text               startup_stm32f051x8.o
    0x080000ec   0x0000002c   Code   RO         3813    .text               mc_p.l(uidiv.o)
    0x08000118   0x00000024   Code   RO         3817    .text               mc_p.l(memseta.o)
    0x0800013c   0x00000024   Code   RO         3833    .text               mc_p.l(init.o)
    0x08000160   0x00000058   Code   RO          455    i.HAL_DMA_Abort_IT  stm32f0xx_hal_dma.o
    0x080001b8   0x000001f0   Code   RO          754    i.HAL_GPIO_Init     stm32f0xx_hal_gpio.o
    0x080003a8   0x00000008   Code   RO          757    i.HAL_GPIO_TogglePin  stm32f0xx_hal_gpio.o
    0x080003b0   0x0000000c   Code   RO          758    i.HAL_GPIO_WritePin  stm32f0xx_hal_gpio.o
    0x080003bc   0x0000000c   Code   RO           12    i.HAL_GetTick       stm32f0xx_hal.o
    0x080003c8   0x0000006e   Code   RO         1237    i.HAL_I2CEx_ConfigAnalogFilter  stm32f0xx_hal_i2c_ex.o
    0x08000436   0x00000072   Code   RO         1238    i.HAL_I2CEx_ConfigDigitalFilter  stm32f0xx_hal_i2c_ex.o
    0x080004a8   0x00000002   Code   RO          813    i.HAL_I2C_AbortCpltCallback  stm32f0xx_hal_i2c.o
    0x080004aa   0x00000002   Code   RO          814    i.HAL_I2C_AddrCallback  stm32f0xx_hal_i2c.o
    0x080004ac   0x00000080   Code   RO          817    i.HAL_I2C_ER_IRQHandler  stm32f0xx_hal_i2c.o
    0x0800052c   0x00000038   Code   RO         3394    i.HAL_I2C_ErrorCallback  hal_iic.o
    0x08000564   0x000000d4   Code   RO          824    i.HAL_I2C_Init      stm32f0xx_hal_i2c.o
    0x08000638   0x00000002   Code   RO          826    i.HAL_I2C_ListenCpltCallback  stm32f0xx_hal_i2c.o
    0x0800063a   0x00000002   Code   RO          847    i.HAL_I2C_MspInit   stm32f0xx_hal_i2c.o
    0x0800063c   0x00000002   Code   RO          848    i.HAL_I2C_SlaveRxCpltCallback  stm32f0xx_hal_i2c.o
    0x0800063e   0x00000002   Code   RO          849    i.HAL_I2C_SlaveTxCpltCallback  stm32f0xx_hal_i2c.o
    0x08000640   0x00000010   Code   RO           16    i.HAL_IncTick       stm32f0xx_hal.o
    0x08000650   0x00000020   Code   RO           17    i.HAL_Init          stm32f0xx_hal.o
    0x08000670   0x00000026   Code   RO           18    i.HAL_InitTick      stm32f0xx_hal.o
    0x08000696   0x00000002   Code   RO           20    i.HAL_MspInit       stm32f0xx_hal.o
    0x08000698   0x00000018   Code   RO          304    i.HAL_NVIC_EnableIRQ  stm32f0xx_hal_cortex.o
    0x080006b0   0x00000012   Code   RO          308    i.HAL_NVIC_SetPriority  stm32f0xx_hal_cortex.o
    0x080006c2   0x00000002   PAD
    0x080006c4   0x0000016c   Code   RO         1581    i.HAL_RCCEx_PeriphCLKConfig  stm32f0xx_hal_rcc_ex.o
    0x08000830   0x00000194   Code   RO         1488    i.HAL_RCC_ClockConfig  stm32f0xx_hal_rcc.o
    0x080009c4   0x0000000c   Code   RO         1493    i.HAL_RCC_GetHCLKFreq  stm32f0xx_hal_rcc.o
    0x080009d0   0x00000024   Code   RO         1495    i.HAL_RCC_GetPCLK1Freq  stm32f0xx_hal_rcc.o
    0x080009f4   0x000000c4   Code   RO         1496    i.HAL_RCC_GetSysClockFreq  stm32f0xx_hal_rcc.o
    0x08000ab8   0x0000054c   Code   RO         1499    i.HAL_RCC_OscConfig  stm32f0xx_hal_rcc.o
    0x08001004   0x00000038   Code   RO          312    i.HAL_SYSTICK_Config  stm32f0xx_hal_cortex.o
    0x0800103c   0x00000038   Code   RO         1711    i.HAL_TIM_Base_Init  stm32f0xx_hal_tim.o
    0x08001074   0x00000002   Code   RO         1713    i.HAL_TIM_Base_MspInit  stm32f0xx_hal_tim.o
    0x08001076   0x00000082   Code   RO         2638    i.HAL_UART_Init     stm32f0xx_hal_uart.o
    0x080010f8   0x00000002   Code   RO         2640    i.HAL_UART_MspInit  stm32f0xx_hal_uart.o
    0x080010fa   0x00000008   Code   RO         3243    i.HardFault_Handler  hal_mcu.o
    0x08001102   0x00000002   PAD
    0x08001104   0x00000028   Code   RO         3395    i.I2C1_IRQHandler   hal_iic.o
    0x0800112c   0x0000003c   Code   RO          858    i.I2C_DMAAbort      stm32f0xx_hal_i2c.o
    0x08001168   0x0000007e   Code   RO          864    i.I2C_Disable_IRQ   stm32f0xx_hal_i2c.o
    0x080011e6   0x00000002   PAD
    0x080011e8   0x00000078   Code   RO         3396    i.I2C_EV_IRQHandler  hal_iic.o
    0x08001260   0x00000032   Code   RO          866    i.I2C_Flush_TXDR    stm32f0xx_hal_i2c.o
    0x08001292   0x000000d6   Code   RO          867    i.I2C_ITAddrCplt    stm32f0xx_hal_i2c.o
    0x08001368   0x00000118   Code   RO          868    i.I2C_ITError       stm32f0xx_hal_i2c.o
    0x08001480   0x00000074   Code   RO          869    i.I2C_ITListenCplt  stm32f0xx_hal_i2c.o
    0x080014f4   0x0000013c   Code   RO          872    i.I2C_ITSlaveCplt   stm32f0xx_hal_i2c.o
    0x08001630   0x00000062   Code   RO          873    i.I2C_ITSlaveSequentialCplt  stm32f0xx_hal_i2c.o
    0x08001692   0x00000002   PAD
    0x08001694   0x00000160   Code   RO          880    i.I2C_Slave_ISR_IT  stm32f0xx_hal_i2c.o
    0x080017f4   0x00000002   Code   RO         3244    i.NMI_Handler       hal_mcu.o
    0x080017f6   0x00000002   PAD
    0x080017f8   0x00000078   Code   RO          314    i.NVIC_SetPriority  stm32f0xx_hal_cortex.o
    0x08001870   0x00000002   Code   RO         3245    i.PendSV_Handler    hal_mcu.o
    0x08001872   0x00000002   Code   RO         3246    i.SVC_Handler       hal_mcu.o
    0x08001874   0x0000001c   Code   RO         3247    i.SysTick_Handler   hal_mcu.o
    0x08001890   0x00000074   Code   RO         3773    i.SystemInit        system_stm32f0xx.o
    0x08001904   0x0000004c   Code   RO         3325    i.TIM6_DAC_IRQHandler  hal_timer.o
    0x08001950   0x000000b0   Code   RO         1797    i.TIM_Base_SetConfig  stm32f0xx_hal_tim.o
    0x08001a00   0x000000f0   Code   RO         2651    i.UART_AdvFeatureConfig  stm32f0xx_hal_uart.o
    0x08001af0   0x00000080   Code   RO         2652    i.UART_CheckIdleState  stm32f0xx_hal_uart.o
    0x08001b70   0x000001e4   Code   RO         2667    i.UART_SetConfig    stm32f0xx_hal_uart.o
    0x08001d54   0x00000070   Code   RO         2669    i.UART_WaitOnFlagUntilTimeout  stm32f0xx_hal_uart.o
    0x08001dc4   0x0000000e   Code   RO         3837    i.__scatterload_copy  mc_p.l(handlers.o)
    0x08001dd2   0x00000002   Code   RO         3838    i.__scatterload_null  mc_p.l(handlers.o)
    0x08001dd4   0x0000000e   Code   RO         3839    i.__scatterload_zeroinit  mc_p.l(handlers.o)
    0x08001de2   0x00000070   Code   RO         3082    i.hal_clk_init      hal_clk.o
    0x08001e52   0x00000002   PAD
    0x08001e54   0x00000058   Code   RO         3203    i.hal_gpio_ctrl     hal_gpio.o
    0x08001eac   0x000000d0   Code   RO         3204    i.hal_gpio_init     hal_gpio.o
    0x08001f7c   0x00000064   Code   RO         3206    i.hal_gpio_write    hal_gpio.o
    0x08001fe0   0x00000078   Code   RO         3397    i.hal_i2c_addr_cplt  hal_iic.o
    0x08002058   0x00000018   Code   RO         3398    i.hal_i2c_slave_nack_cplt  hal_iic.o
    0x08002070   0x00000044   Code   RO         3399    i.hal_i2c_slave_rx_cplt  hal_iic.o
    0x080020b4   0x0000002c   Code   RO         3400    i.hal_i2c_slave_stop_cplt  hal_iic.o
    0x080020e0   0x0000003c   Code   RO         3401    i.hal_i2c_slave_transmit_cplt  hal_iic.o
    0x0800211c   0x0000008c   Code   RO         3402    i.hal_iic_init      hal_iic.o
    0x080021a8   0x00000022   Code   RO         3250    i.hal_mcu_init      hal_mcu.o
    0x080021ca   0x00000002   Code   RO         3251    i.hal_mcu_reset     hal_mcu.o
    0x080021cc   0x000000a4   Code   RO         3326    i.hal_timer6_init   hal_timer.o
    0x08002270   0x00000034   Code   RO         3327    i.hal_timer6_update_callback_register  hal_timer.o
    0x080022a4   0x00000070   Code   RO         3360    i.hal_uart1_init    hal_uart.o
    0x08002314   0x00000008   Code   RO         3582    i.hw_led1_off       led.o
    0x0800231c   0x00000058   Code   RO         3583    i.hw_led1_on        led.o
    0x08002374   0x00000008   Code   RO         3584    i.hw_led2_off       led.o
    0x0800237c   0x00000058   Code   RO         3585    i.hw_led2_on        led.o
    0x080023d4   0x00000008   Code   RO         3586    i.hw_led3_off       led.o
    0x080023dc   0x00000058   Code   RO         3587    i.hw_led3_on        led.o
    0x08002434   0x00000008   Code   RO         3588    i.hw_led4_off       led.o
    0x0800243c   0x00000058   Code   RO         3589    i.hw_led4_on        led.o
    0x08002494   0x00000044   Code   RO         3590    i.hw_led_all_off    led.o
    0x080024d8   0x00000024   Code   RO         3603    i.led_init          led.o
    0x080024fc   0x00000084   Code   RO         3604    i.led_on_off_scan   led.o
    0x08002580   0x0000001c   Code   RO         3466    i.main              main.o
    0x0800259c   0x00000020   Code   RO         3727    i.printf_init       printf.o
    0x080025bc   0x000000b4   Data   RO         3207    .constdata          hal_gpio.o
    0x08002670   0x00000018   Data   RO         3774    .constdata          system_stm32f0xx.o
    0x08002688   0x00000020   Data   RO         3835    Region$$Table       anon$$obj.o


    Execution Region RW_IRAM1 (Base: 0x20000000, Size: 0x000006a0, Max: 0x00002000, ABSOLUTE)

    Base Addr    Size         Type   Attr      Idx    E Section Name        Object

    0x20000000   0x00000004   Data   RW           23    .data               stm32f0xx_hal.o
    0x20000004   0x00000004   Data   RW         3254    .data               hal_mcu.o
    0x20000008   0x00000001   Data   RW         3329    .data               hal_timer.o
    0x20000009   0x00000016   Data   RW         3404    .data               hal_iic.o
    0x2000001f   0x00000001   PAD
    0x20000020   0x00000048   Data   RW         3605    .data               led.o
    0x20000068   0x00000004   Data   RW         3775    .data               system_stm32f0xx.o
    0x2000006c   0x0000004c   Zero   RW         3328    .bss                hal_timer.o
    0x200000b8   0x00000070   Zero   RW         3363    .bss                hal_uart.o
    0x20000128   0x00000060   Zero   RW         3403    .bss                hal_iic.o
    0x20000188   0x00000114   Zero   RW         3729    .bss                printf.o
    0x2000029c   0x00000004   PAD
    0x200002a0   0x00000400   Zero   RW         3803    STACK               startup_stm32f051x8.o


==============================================================================

Image component sizes


      Code (inc. data)   RO Data    RW Data    ZI Data      Debug   Object Name

       112          0          0          0          0      95231   hal_clk.o
       396         20        180          0          0       4077   hal_gpio.o
       672         92          0         22         96       5677   hal_iic.o
        78          6          0          4          0       3182   hal_mcu.o
       292         40          0          1         76       2294   hal_timer.o
       112         14          0          0        112       1097   hal_uart.o
       620         26          0         72          0       5891   led.o
        28          0          0          0          0       2483   main.o
        32         10          0          0        276       2810   printf.o
        28          8        188          0       1024        720   startup_stm32f051x8.o
       100         14          0          4          0     319641   stm32f0xx_hal.o
       218         26          0          0          0       8981   stm32f0xx_hal_cortex.o
        88          0          0          0          0       1039   stm32f0xx_hal_dma.o
       516         26          0          0          0       2789   stm32f0xx_hal_gpio.o
      1964         34          0          0          0      12913   stm32f0xx_hal_i2c.o
       224          0          0          0          0       1887   stm32f0xx_hal_i2c_ex.o
      2004        100          0          0          0       4913   stm32f0xx_hal_rcc.o
       364         14          0          0          0       1408   stm32f0xx_hal_rcc_ex.o
       234         24          0          0          0       2356   stm32f0xx_hal_tim.o
      1096         38          0          0          0       4836   stm32f0xx_hal_uart.o
       116         12         24          4          0       1387   system_stm32f0xx.o

    ----------------------------------------------------------------------
      9306        504        424        108       1588     485612   Object Totals
         0          0         32          0          0          0   (incl. Generated)
        12          0          0          1          4          0   (incl. Padding)

    ----------------------------------------------------------------------

      Code (inc. data)   RO Data    RW Data    ZI Data      Debug   Library Member Name

         0          0          0          0          0          0   entry.o
         0          0          0          0          0          0   entry10a.o
         0          0          0          0          0          0   entry11a.o
         8          4          0          0          0          0   entry2.o
         4          0          0          0          0          0   entry5.o
         0          0          0          0          0          0   entry7b.o
         0          0          0          0          0          0   entry8b.o
         8          4          0          0          0          0   entry9a.o
        30          0          0          0          0          0   handlers.o
        36          8          0          0          0         68   init.o
        36          0          0          0          0        100   memseta.o
        44          0          0          0          0         72   uidiv.o

    ----------------------------------------------------------------------
       166         16          0          0          0        240   Library Totals
         0          0          0          0          0          0   (incl. Padding)

    ----------------------------------------------------------------------

      Code (inc. data)   RO Data    RW Data    ZI Data      Debug   Library Name

       166         16          0          0          0        240   mc_p.l

    ----------------------------------------------------------------------
       166         16          0          0          0        240   Library Totals

    ----------------------------------------------------------------------

==============================================================================


      Code (inc. data)   RO Data    RW Data    ZI Data      Debug   

      9472        520        424        108       1588     482440   Grand Totals
      9472        520        424        108       1588     482440   ELF Image Totals
      9472        520        424        108          0          0   ROM Totals

==============================================================================

    Total RO  Size (Code + RO Data)                 9896 (   9.66kB)
    Total RW  Size (RW Data + ZI Data)              1696 (   1.66kB)
    Total ROM Size (Code + RO Data + RW Data)      10004 (   9.77kB)

==============================================================================

